Archive member included to satisfy reference by file (symbol)

c:/renesas/rzt/e2studio_v2024-10_fsp_v2.2.0/toolchains/gcc_arm/arm-gnu-toolchain-12.2.rel1-mingw-w64-i686-arm-none-eabi/bin/../lib/gcc/arm-none-eabi/12.2.1/thumb/v7+fp/hard\libgcc.a(_aeabi_ldivmod.o)
                              ./rzt/fsp/src/r_sci_uart/r_sci_uart.o (__aeabi_ldivmod)
c:/renesas/rzt/e2studio_v2024-10_fsp_v2.2.0/toolchains/gcc_arm/arm-gnu-toolchain-12.2.rel1-mingw-w64-i686-arm-none-eabi/bin/../lib/gcc/arm-none-eabi/12.2.1/thumb/v7+fp/hard\libgcc.a(_aeabi_uldivmod.o)
                              ./rzt/fsp/src/bsp/mcu/all/bsp_delay.o (__aeabi_uldivmod)
c:/renesas/rzt/e2studio_v2024-10_fsp_v2.2.0/toolchains/gcc_arm/arm-gnu-toolchain-12.2.rel1-mingw-w64-i686-arm-none-eabi/bin/../lib/gcc/arm-none-eabi/12.2.1/thumb/v7+fp/hard\libgcc.a(_udivmoddi4.o)
                              c:/renesas/rzt/e2studio_v2024-10_fsp_v2.2.0/toolchains/gcc_arm/arm-gnu-toolchain-12.2.rel1-mingw-w64-i686-arm-none-eabi/bin/../lib/gcc/arm-none-eabi/12.2.1/thumb/v7+fp/hard\libgcc.a(_aeabi_ldivmod.o) (__udivmoddi4)
c:/renesas/rzt/e2studio_v2024-10_fsp_v2.2.0/toolchains/gcc_arm/arm-gnu-toolchain-12.2.rel1-mingw-w64-i686-arm-none-eabi/bin/../lib/gcc/arm-none-eabi/12.2.1/thumb/v7+fp/hard\libgcc.a(_dvmd_tls.o)
                              c:/renesas/rzt/e2studio_v2024-10_fsp_v2.2.0/toolchains/gcc_arm/arm-gnu-toolchain-12.2.rel1-mingw-w64-i686-arm-none-eabi/bin/../lib/gcc/arm-none-eabi/12.2.1/thumb/v7+fp/hard\libgcc.a(_aeabi_ldivmod.o) (__aeabi_ldiv0)
c:/renesas/rzt/e2studio_v2024-10_fsp_v2.2.0/toolchains/gcc_arm/arm-gnu-toolchain-12.2.rel1-mingw-w64-i686-arm-none-eabi/bin/../lib/gcc/arm-none-eabi/12.2.1/thumb/v7+fp/hard\libg.a(libc_a-malloc.o)
                              ./rzt/fsp/src/bsp/mcu/all/bsp_common.o (malloc)
c:/renesas/rzt/e2studio_v2024-10_fsp_v2.2.0/toolchains/gcc_arm/arm-gnu-toolchain-12.2.rel1-mingw-w64-i686-arm-none-eabi/bin/../lib/gcc/arm-none-eabi/12.2.1/thumb/v7+fp/hard\libg.a(libc_a-mallocr.o)
                              c:/renesas/rzt/e2studio_v2024-10_fsp_v2.2.0/toolchains/gcc_arm/arm-gnu-toolchain-12.2.rel1-mingw-w64-i686-arm-none-eabi/bin/../lib/gcc/arm-none-eabi/12.2.1/thumb/v7+fp/hard\libg.a(libc_a-malloc.o) (_malloc_r)
c:/renesas/rzt/e2studio_v2024-10_fsp_v2.2.0/toolchains/gcc_arm/arm-gnu-toolchain-12.2.rel1-mingw-w64-i686-arm-none-eabi/bin/../lib/gcc/arm-none-eabi/12.2.1/thumb/v7+fp/hard\libg.a(libc_a-mlock.o)
                              c:/renesas/rzt/e2studio_v2024-10_fsp_v2.2.0/toolchains/gcc_arm/arm-gnu-toolchain-12.2.rel1-mingw-w64-i686-arm-none-eabi/bin/../lib/gcc/arm-none-eabi/12.2.1/thumb/v7+fp/hard\libg.a(libc_a-mallocr.o) (__malloc_lock)
c:/renesas/rzt/e2studio_v2024-10_fsp_v2.2.0/toolchains/gcc_arm/arm-gnu-toolchain-12.2.rel1-mingw-w64-i686-arm-none-eabi/bin/../lib/gcc/arm-none-eabi/12.2.1/thumb/v7+fp/hard\libg.a(libc_a-gets.o)
                              ./src/hal_entry.o (gets)
c:/renesas/rzt/e2studio_v2024-10_fsp_v2.2.0/toolchains/gcc_arm/arm-gnu-toolchain-12.2.rel1-mingw-w64-i686-arm-none-eabi/bin/../lib/gcc/arm-none-eabi/12.2.1/thumb/v7+fp/hard\libg.a(libc_a-printf.o)
                              ./src/hal_entry.o (printf)
c:/renesas/rzt/e2studio_v2024-10_fsp_v2.2.0/toolchains/gcc_arm/arm-gnu-toolchain-12.2.rel1-mingw-w64-i686-arm-none-eabi/bin/../lib/gcc/arm-none-eabi/12.2.1/thumb/v7+fp/hard\libg.a(libc_a-puts.o)
                              ./src/hal_entry.o (puts)
c:/renesas/rzt/e2studio_v2024-10_fsp_v2.2.0/toolchains/gcc_arm/arm-gnu-toolchain-12.2.rel1-mingw-w64-i686-arm-none-eabi/bin/../lib/gcc/arm-none-eabi/12.2.1/thumb/v7+fp/hard\libg.a(libc_a-rget.o)
                              c:/renesas/rzt/e2studio_v2024-10_fsp_v2.2.0/toolchains/gcc_arm/arm-gnu-toolchain-12.2.rel1-mingw-w64-i686-arm-none-eabi/bin/../lib/gcc/arm-none-eabi/12.2.1/thumb/v7+fp/hard\libg.a(libc_a-gets.o) (__srget_r)
c:/renesas/rzt/e2studio_v2024-10_fsp_v2.2.0/toolchains/gcc_arm/arm-gnu-toolchain-12.2.rel1-mingw-w64-i686-arm-none-eabi/bin/../lib/gcc/arm-none-eabi/12.2.1/thumb/v7+fp/hard\libg.a(libc_a-impure.o)
                              c:/renesas/rzt/e2studio_v2024-10_fsp_v2.2.0/toolchains/gcc_arm/arm-gnu-toolchain-12.2.rel1-mingw-w64-i686-arm-none-eabi/bin/../lib/gcc/arm-none-eabi/12.2.1/thumb/v7+fp/hard\libg.a(libc_a-malloc.o) (_impure_ptr)
c:/renesas/rzt/e2studio_v2024-10_fsp_v2.2.0/toolchains/gcc_arm/arm-gnu-toolchain-12.2.rel1-mingw-w64-i686-arm-none-eabi/bin/../lib/gcc/arm-none-eabi/12.2.1/thumb/v7+fp/hard\libg.a(libc_a-sbrkr.o)
                              c:/renesas/rzt/e2studio_v2024-10_fsp_v2.2.0/toolchains/gcc_arm/arm-gnu-toolchain-12.2.rel1-mingw-w64-i686-arm-none-eabi/bin/../lib/gcc/arm-none-eabi/12.2.1/thumb/v7+fp/hard\libg.a(libc_a-mallocr.o) (_sbrk_r)
c:/renesas/rzt/e2studio_v2024-10_fsp_v2.2.0/toolchains/gcc_arm/arm-gnu-toolchain-12.2.rel1-mingw-w64-i686-arm-none-eabi/bin/../lib/gcc/arm-none-eabi/12.2.1/thumb/v7+fp/hard\libg.a(libc_a-errno.o)
[...]
Memory Configuration

Name             Origin             Length             Attributes
ATCM             0x00000000         0x00080000
BTCM             0x00100000         0x00010000
SYSTEM_RAM       0x10060000         0x00200000
SYSTEM_RAM_MIRROR 0x00000000         0x00000000
xSPI0_CS0_SPACE_MIRROR 0x00000000         0x00000000
xSPI0_CS1_SPACE_MIRROR 0x00000000         0x00000000
xSPI1_CS0_SPACE_MIRROR 0x00000000         0x00000000
xSPI1_CS1_SPACE_MIRROR 0x00000000         0x00000000
CS0_SPACE_MIRROR 0x00000000         0x00000000
CS2_SPACE_MIRROR 0x00000000         0x00000000
CS3_SPACE_MIRROR 0x00000000         0x00000000
CS5_SPACE_MIRROR 0x00000000         0x00000000
xSPI0_CS0_SPACE  0x40000000         0x08000000
xSPI0_CS1_SPACE  0x48000000         0x08000000
xSPI1_CS0_SPACE  0x50000000         0x08000000
xSPI1_CS1_SPACE  0x58000000         0x08000000
CS0_SPACE        0x70000000         0x04000000
CS2_SPACE        0x74000000         0x04000000
CS3_SPACE        0x78000000         0x04000000
CS5_SPACE        0x7c000000         0x04000000
RAM_TEXT         0x10060000         0x00200000
RAM_DATA         0x10060000         0x00200000
LOADER_TEXT_STACK 0x10060000         0x00200000
LOADER_DATA_STACK 0x10060000         0x00200000
NONCACHE_INIT    0x10060000         0x00200000
NONCACHE         0x10060000         0x00200000
*default*        0x00000000         0xffffffff

Linker script and memory map

START GROUP
LOAD ./src/hal_entry.o
LOAD ./src/siochar.o
LOAD ./src/siorw.o
LOAD ./rzt_gen/common_data.o
LOAD ./rzt_gen/hal_data.o
LOAD ./rzt_gen/main.o
LOAD ./rzt_gen/pin_data.o
LOAD ./rzt_gen/vector_data.o
LOAD ./rzt/fsp/src/r_sci_uart/r_sci_uart.o
LOAD ./rzt/fsp/src/r_ioport/r_ioport.o
LOAD ./rzt/fsp/src/bsp/mcu/rzt2h/bsp_irq_sense.o
LOAD ./rzt/fsp/src/bsp/mcu/rzt2h/bsp_loader_param.o
LOAD ./rzt/fsp/src/bsp/mcu/all/cr/bsp_cache_core.o
LOAD ./rzt/fsp/src/bsp/mcu/all/cr/bsp_delay_core.o
LOAD ./rzt/fsp/src/bsp/mcu/all/cr/bsp_irq_core.o
LOAD ./rzt/fsp/src/bsp/mcu/all/bsp_address_expander.o
LOAD ./rzt/fsp/src/bsp/mcu/all/bsp_cache.o
LOAD ./rzt/fsp/src/bsp/mcu/all/bsp_clocks.o
LOAD ./rzt/fsp/src/bsp/mcu/all/bsp_common.o
LOAD ./rzt/fsp/src/bsp/mcu/all/bsp_ddr.o
LOAD ./rzt/fsp/src/bsp/mcu/all/bsp_ddr_fw_param.o
LOAD ./rzt/fsp/src/bsp/mcu/all/bsp_delay.o
LOAD ./rzt/fsp/src/bsp/mcu/all/bsp_io.o
LOAD ./rzt/fsp/src/bsp/mcu/all/bsp_irq.o
LOAD ./rzt/fsp/src/bsp/mcu/all/bsp_register_protection.o
LOAD ./rzt/fsp/src/bsp/mcu/all/bsp_reset.o
LOAD ./rzt/fsp/src/bsp/mcu/all/bsp_sbrk.o
LOAD ./rzt/fsp/src/bsp/mcu/all/bsp_semaphore.o
LOAD ./rzt/fsp/src/bsp/mcu/all/bsp_slave_stop.o
LOAD ./rzt/fsp/src/bsp/mcu/all/bsp_tzc400.o
LOAD ./rzt/fsp/src/bsp/cmsis/Device/RENESAS/Source/cr/startup_core.o
LOAD ./rzt/fsp/src/bsp/cmsis/Device/RENESAS/Source/cr/system_core.o
LOAD ./rzt/fsp/src/bsp/cmsis/Device/RENESAS/Source/startup.o
LOAD ./rzt/fsp/src/bsp/cmsis/Device/RENESAS/Source/system.o
LOAD ./rzt/board/rzt2h_evb/board_init.o
LOAD ./rzt/board/rzt2h_evb/board_leds.o
END GROUP
START GROUP
END GROUP
START GROUP
LOAD c:/renesas/rzt/e2studio_v2024-10_fsp_v2.2.0/toolchains/gcc_arm/arm-gnu-toolchain-12.2.rel1-mingw-w64-i686-arm-none-eabi/bin/../lib/gcc/arm-none-eabi/12.2.1/thumb/v7+fp/hard\libgcc.a
LOAD c:/renesas/rzt/e2studio_v2024-10_fsp_v2.2.0/toolchains/gcc_arm/arm-gnu-toolchain-12.2.rel1-mingw-w64-i686-arm-none-eabi/bin/../lib/gcc/arm-none-eabi/12.2.1/thumb/v7+fp/hard\libg.a
LOAD c:/renesas/rzt/e2studio_v2024-10_fsp_v2.2.0/toolchains/gcc_arm/arm-gnu-toolchain-12.2.rel1-mingw-w64-i686-arm-none-eabi/bin/../lib/gcc/arm-none-eabi/12.2.1/thumb/v7+fp/hard\libc.a
END GROUP
START GROUP
LOAD c:/renesas/rzt/e2studio_v2024-10_fsp_v2.2.0/toolchains/gcc_arm/arm-gnu-toolchain-12.2.rel1-mingw-w64-i686-arm-none-eabi/bin/../lib/gcc/arm-none-eabi/12.2.1/thumb/v7+fp/hard\libgcc.a
LOAD c:/renesas/rzt/e2studio_v2024-10_fsp_v2.2.0/toolchains/gcc_arm/arm-gnu-toolchain-12.2.rel1-mingw-w64-i686-arm-none-eabi/bin/../lib/gcc/arm-none-eabi/12.2.1/thumb/v7+fp/hard\libc.a
LOAD c:/renesas/rzt/e2studio_v2024-10_fsp_v2.2.0/toolchains/gcc_arm/arm-gnu-toolchain-12.2.rel1-mingw-w64-i686-arm-none-eabi/bin/../lib/gcc/arm-none-eabi/12.2.1/thumb/v7+fp/hard\libnosys.a
END GROUP
START GROUP
LOAD c:/renesas/rzt/e2studio_v2024-10_fsp_v2.2.0/toolchains/gcc_arm/arm-gnu-toolchain-12.2.rel1-mingw-w64-i686-arm-none-eabi/bin/../lib/gcc/arm-none-eabi/12.2.1/thumb/v7+fp/hard\libgcc.a
LOAD c:/renesas/rzt/e2studio_v2024-10_fsp_v2.2.0/toolchains/gcc_arm/arm-gnu-toolchain-12.2.rel1-mingw-w64-i686-arm-none-eabi/bin/../lib/gcc/arm-none-eabi/12.2.1/thumb/v7+fp/hard\libc.a
LOAD c:/renesas/rzt/e2studio_v2024-10_fsp_v2.2.0/toolchains/gcc_arm/arm-gnu-toolchain-12.2.rel1-mingw-w64-i686-arm-none-eabi/bin/../lib/gcc/arm-none-eabi/12.2.1/thumb/v7+fp/hard\librdimon.a
END GROUP
                0x00000000                ATCM_START = 0x0
                0x00080000                ATCM_LENGTH = 0x80000
                0x00100000                BTCM_START = 0x100000
                0x00010000                BTCM_LENGTH = 0x10000
                0x10000000                SYSTEM_RAM_START = 0x10000000
                0x00200000                SYSTEM_RAM_LENGTH = 0x200000
                0x40000000                xSPI0_CS0_SPACE_START = 0x40000000
                0x08000000                xSPI0_CS0_SPACE_LENGTH = 0x8000000
                0x48000000                xSPI0_CS1_SPACE_START = 0x48000000
                0x08000000                xSPI0_CS1_SPACE_LENGTH = 0x8000000
                0x50000000                xSPI1_CS0_SPACE_START = 0x50000000
                0x08000000                xSPI1_CS0_SPACE_LENGTH = 0x8000000
                0x58000000                xSPI1_CS1_SPACE_START = 0x58000000
                0x08000000                xSPI1_CS1_SPACE_LENGTH = 0x8000000
                0x70000000                CS0_SPACE_START = 0x70000000
                0x04000000                CS0_SPACE_LENGTH = 0x4000000
                0x74000000                CS2_SPACE_START = 0x74000000
                0x04000000                CS2_SPACE_LENGTH = 0x4000000
                0x78000000                CS3_SPACE_START = 0x78000000
                0x04000000                CS3_SPACE_LENGTH = 0x4000000
                0x7c000000                CS5_SPACE_START = 0x7c000000
                0x04000000                CS5_SPACE_LENGTH = 0x4000000
                0xa0000000                PCIE0_MIRROR_START = 0xa0000000
                0x10000000                PCIE0_MIRROR_LENGTH = 0x10000000
                0xb0000000                PCIE1_MIRROR_START = 0xb0000000
                0x10000000                PCIE1_MIRROR_LENGTH = 0x10000000
                0xc0000000                DDR_MIRROR0_START = 0xc0000000
                0x20000000                DDR_MIRROR0_LENGTH = 0x20000000
                0xe0000000                DDR_MIRROR1_START = 0xe0000000
                0x20000000                DDR_MIRROR1_LENGTH = 0x20000000
                0x00000001                CR52_0 = 0x1
                0x00000000                ATCM_PRV_START = DEFINED (ATCM_START)?ATCM_START:0x0
                0x00080000                ATCM_PRV_LENGTH = DEFINED (ATCM_LENGTH)?ATCM_LENGTH:0x0
                0x00100000                BTCM_PRV_START = DEFINED (BTCM_START)?BTCM_START:0x0
                0x00010000                BTCM_PRV_LENGTH = DEFINED (BTCM_LENGTH)?BTCM_LENGTH:0x0
                0x10050000                SYSTEM_RAM_PRV_START = DEFINED (SYSTEM_RAM_START)?SYSTEM_RAM_START:0x0
                0x00200000                SYSTEM_RAM_PRV_LENGTH = DEFINED (SYSTEM_RAM_LENGTH)?SYSTEM_RAM_LENGTH:0x0
                0x00000000                SYSTEM_RAM_MIRROR_PRV_START = DEFINED (SYSTEM_RAM_MIRROR_START)?SYSTEM_RAM_MIRROR_START:0x0
                0x00000000                SYSTEM_RAM_MIRROR_PRV_LENGTH = DEFINED (SYSTEM_RAM_MIRROR_LENGTH)?SYSTEM_RAM_MIRROR_LENGTH:0x0
                0x00000000                xSPI0_CS0_SPACE_MIRROR_PRV_START = DEFINED (xSPI0_CS0_SPACE_MIRROR_START)?xSPI0_CS0_SPACE_MIRROR_START:0x0
                0x00000000                xSPI0_CS0_SPACE_MIRROR_PRV_LENGTH = DEFINED (xSPI0_CS0_SPACE_MIRROR_LENGTH)?xSPI0_CS0_SPACE_MIRROR_LENGTH:0x0
                0x00000000                xSPI0_CS1_SPACE_MIRROR_PRV_START = DEFINED (xSPI0_CS1_SPACE_MIRROR_START)?xSPI0_CS1_SPACE_MIRROR_START:0x0
                0x00000000                xSPI0_CS1_SPACE_MIRROR_PRV_LENGTH = DEFINED (xSPI0_CS1_SPACE_MIRROR_LENGTH)?xSPI0_CS1_SPACE_MIRROR_LENGTH:0x0
                0x00000000                xSPI1_CS0_SPACE_MIRROR_PRV_START = DEFINED (xSPI1_CS0_SPACE_MIRROR_START)?xSPI1_CS0_SPACE_MIRROR_START:0x0
                0x00000000                xSPI1_CS0_SPACE_MIRROR_PRV_LENGTH = DEFINED (xSPI1_CS0_SPACE_MIRROR_LENGTH)?xSPI1_CS0_SPACE_MIRROR_LENGTH:0x0
                0x00000000                xSPI1_CS1_SPACE_MIRROR_PRV_START = DEFINED (xSPI1_CS1_SPACE_MIRROR_START)?xSPI1_CS1_SPACE_MIRROR_START:0x0
                0x00000000                xSPI1_CS1_SPACE_MIRROR_PRV_LENGTH = DEFINED (xSPI1_CS1_SPACE_MIRROR_LENGTH)?xSPI1_CS1_SPACE_MIRROR_LENGTH:0x0
                0x00000000                CS0_SPACE_MIRROR_PRV_START = DEFINED (CS0_SPACE_MIRROR_START)?CS0_SPACE_MIRROR_START:0x0
                0x00000000                CS0_SPACE_MIRROR_PRV_LENGTH = DEFINED (CS0_SPACE_MIRROR_LENGTH)?CS0_SPACE_MIRROR_LENGTH:0x0
                0x00000000                CS2_SPACE_MIRROR_PRV_START = DEFINED (CS2_SPACE_MIRROR_START)?CS2_SPACE_MIRROR_START:0x0
                0x00000000                CS2_SPACE_MIRROR_PRV_LENGTH = DEFINED (CS2_SPACE_MIRROR_LENGTH)?CS2_SPACE_MIRROR_LENGTH:0x0
                0x00000000                CS3_SPACE_MIRROR_PRV_START = DEFINED (CS3_SPACE_MIRROR_START)?CS3_SPACE_MIRROR_START:0x0
                0x00000000                CS3_SPACE_MIRROR_PRV_LENGTH = DEFINED (CS3_SPACE_MIRROR_LENGTH)?CS3_SPACE_MIRROR_LENGTH:0x0
                0x00000000                CS5_SPACE_MIRROR_PRV_START = DEFINED (CS5_SPACE_MIRROR_START)?CS5_SPACE_MIRROR_START:0x0
                0x00000000                CS5_SPACE_MIRROR_PRV_LENGTH = DEFINED (CS5_SPACE_MIRROR_LENGTH)?CS5_SPACE_MIRROR_LENGTH:0x0
                0x40000000                xSPI0_CS0_SPACE_PRV_START = DEFINED (xSPI0_CS0_SPACE_START)?xSPI0_CS0_SPACE_START:0x0
                0x08000000                xSPI0_CS0_SPACE_PRV_LENGTH = DEFINED (xSPI0_CS0_SPACE_LENGTH)?xSPI0_CS0_SPACE_LENGTH:0x0
                0x48000000                xSPI0_CS1_SPACE_PRV_START = DEFINED (xSPI0_CS1_SPACE_START)?xSPI0_CS1_SPACE_START:0x0
                0x08000000                xSPI0_CS1_SPACE_PRV_LENGTH = DEFINED (xSPI0_CS1_SPACE_LENGTH)?xSPI0_CS1_SPACE_LENGTH:0x0
                0x50000000                xSPI1_CS0_SPACE_PRV_START = DEFINED (xSPI1_CS0_SPACE_START)?xSPI1_CS0_SPACE_START:0x0
                0x08000000                xSPI1_CS0_SPACE_PRV_LENGTH = DEFINED (xSPI1_CS0_SPACE_LENGTH)?xSPI1_CS0_SPACE_LENGTH:0x0
                0x58000000                xSPI1_CS1_SPACE_PRV_START = DEFINED (xSPI1_CS1_SPACE_START)?xSPI1_CS1_SPACE_START:0x0
                0x08000000                xSPI1_CS1_SPACE_PRV_LENGTH = DEFINED (xSPI1_CS1_SPACE_LENGTH)?xSPI1_CS1_SPACE_LENGTH:0x0
                0x70000000                CS0_SPACE_PRV_START = DEFINED (CS0_SPACE_START)?CS0_SPACE_START:0x0
                0x04000000                CS0_SPACE_PRV_LENGTH = DEFINED (CS0_SPACE_LENGTH)?CS0_SPACE_LENGTH:0x0
                0x74000000                CS2_SPACE_PRV_START = DEFINED (CS2_SPACE_START)?CS2_SPACE_START:0x0
                0x04000000                CS2_SPACE_PRV_LENGTH = DEFINED (CS2_SPACE_LENGTH)?CS2_SPACE_LENGTH:0x0
                0x78000000                CS3_SPACE_PRV_START = DEFINED (CS3_SPACE_START)?CS3_SPACE_START:0x0
                0x04000000                CS3_SPACE_PRV_LENGTH = DEFINED (CS3_SPACE_LENGTH)?CS3_SPACE_LENGTH:0x0
                0x7c000000                CS5_SPACE_PRV_START = DEFINED (CS5_SPACE_START)?CS5_SPACE_START:0x0
                0x04000000                CS5_SPACE_PRV_LENGTH = DEFINED (CS5_SPACE_LENGTH)?CS5_SPACE_LENGTH:0x0
                0x10040000                FSP_STARTUP_LOCATION = 0x10040000
                0x10050000                SYSTEM_RAM_PRV_START = DEFINED (FSP_STARTUP_LOCATION)?(FSP_STARTUP_LOCATION + 0x10000):0x10000000
                0x00000002                _RZT_ORDINAL = ((0x100000 == BTCM_PRV_START) && (0x10000000 == SYSTEM_RAM_PRV_START))?0x1:0x2
                0x00000000                HAS_SYSTEM_RAM_MIRROR = DEFINED (SYSTEM_RAM_MIRROR_START)?0x1:0x0
                0x10060000                SYSTEM_RAM_ALIGN_START = ALIGN (SYSTEM_RAM_PRV_START, 0x20000)
                0x00200000                SYSTEM_RAM_ALIGN_LENGTH = (SYSTEM_RAM_PRV_LENGTH - (SYSTEM_RAM_PRV_LENGTH % 0x20000))
                0x00000000                SYSTEM_RAM_MIRROR_OFFSET = (0x0 == HAS_SYSTEM_RAM_MIRROR)?(DEFINED (CR52_0) || DEFINED (CR52_1))?0x0:0x200000:0x20000000
                0x10060000                RAM_START = ((0x1 == _RZT_ORDINAL) && DEFINED (CR52_0))?ATCM_PRV_START:SYSTEM_RAM_ALIGN_START
                0x00200000                RAM_LENGTH = ((0x1 == _RZT_ORDINAL) && DEFINED (CR52_0))?ATCM_PRV_LENGTH:SYSTEM_RAM_ALIGN_LENGTH
                0x10060000                LOADER_START = ((0x1 == _RZT_ORDINAL) && DEFINED (CR52_0))?BTCM_PRV_START:SYSTEM_RAM_ALIGN_START
                0x00200000                LOADER_LENGTH = ((0x1 == _RZT_ORDINAL) && DEFINED (CR52_0))?BTCM_PRV_LENGTH:SYSTEM_RAM_ALIGN_LENGTH
                0x10060000                INTVEC_ADDRESS = RAM_START
                0x10061000                LOADER_TEXT_ADDRESS = ((0x1 == _RZT_ORDINAL) && DEFINED (CR52_0))?(LOADER_START + 0x2000):(LOADER_START + 0x1000)
                0x10070000                NONCACHE_INIT_ADDRESS = (0x1 == _RZT_ORDINAL)?DATA_NONCACHE_INIT_START:(SYSTEM_RAM_ALIGN_START + 0x10000)
                0x10070000                TEXT_ADDRESS = (0x1 == _RZT_ORDINAL)?DEFINED (CR52_0)?(RAM_START + 0x100):(RAM_START + 0x10000):((0x0 == HAS_SYSTEM_RAM_MIRROR) && (DEFINED (CR52_0) || DEFINED (CR52_1)))?(RAM_START + 0x10000):noncache_init_end
                0x00068000                DATA_NONCACHE_OFFSET = DEFINED (SYSTEM_RAM_START)?0x68000:0x0
                0x00064000                DMAC_LINK_MODE_OFFSET = DEFINED (SYSTEM_RAM_START)?0x64000:0x0
                0x00060000                SHARED_NONCACHE_BUFFER_OFFSET = DEFINED (SYSTEM_RAM_START)?0x60000:0x0
                0x00040000                NONCACHE_BUFFER_OFFSET = DEFINED (SYSTEM_RAM_START)?0x40000:0x0
                0x10260000                SYSTEM_RAM_END_ADDRESS = (SYSTEM_RAM_ALIGN_START + SYSTEM_RAM_ALIGN_LENGTH)
                0x10260000                SYSTEM_RAM_MIRROR_END_ADDRESS = ((SYSTEM_RAM_ALIGN_START + SYSTEM_RAM_ALIGN_LENGTH) + SYSTEM_RAM_MIRROR_OFFSET)
                0x100822f0                DATA_NONCACHE_INIT_START = (0x1 == _RZT_ORDINAL)?(SYSTEM_RAM_END_ADDRESS - DATA_NONCACHE_OFFSET):((0x0 == HAS_SYSTEM_RAM_MIRROR) && (DEFINED (CR52_0) || DEFINED (CR52_1)))?__ThreadStackLimit:_mdata_noncache
                0x10082300                DMAC_LINK_MODE_INIT_START = (0x1 == _RZT_ORDINAL)?(SYSTEM_RAM_END_ADDRESS - DMAC_LINK_MODE_OFFSET):((0x0 == HAS_SYSTEM_RAM_MIRROR) && (DEFINED (CR52_0) || DEFINED (CR52_1)))?_data_noncache_end:_mdmac_link_mode
                0x10082300                NONCACHE_BUFFER_INIT_START = (0x1 == _RZT_ORDINAL)?(SYSTEM_RAM_END_ADDRESS - NONCACHE_BUFFER_OFFSET):((0x0 == HAS_SYSTEM_RAM_MIRROR) && (DEFINED (CR52_0) || DEFINED (CR52_1)))?_dmac_link_mode_end:_mncbuffer
                0x10082300                SHARED_NONCACHE_BUFFER_INIT_START = (0x1 == _RZT_ORDINAL)?(SYSTEM_RAM_END_ADDRESS - SHARED_NONCACHE_BUFFER_OFFSET):((0x0 == HAS_SYSTEM_RAM_MIRROR) && (DEFINED (CR52_0) || DEFINED (CR52_1)))?_ncbuffer_end:_msncbuffer
                0x100822f0                DATA_NONCACHE_START = (0x1 == _RZT_ORDINAL)?(SYSTEM_RAM_MIRROR_END_ADDRESS - DATA_NONCACHE_OFFSET):((0x0 == HAS_SYSTEM_RAM_MIRROR) && (DEFINED (CR52_0) || DEFINED (CR52_1)))?__ThreadStackLimit:(_mdata_noncache + SYSTEM_RAM_MIRROR_OFFSET)
                0x10082300                DMAC_LINK_MODE_START = (0x1 == _RZT_ORDINAL)?(SYSTEM_RAM_MIRROR_END_ADDRESS - DMAC_LINK_MODE_OFFSET):((0x0 == HAS_SYSTEM_RAM_MIRROR) && (DEFINED (CR52_0) || DEFINED (CR52_1)))?_data_noncache_end:(_mdmac_link_mode + SYSTEM_RAM_MIRROR_OFFSET)
                0x10082300                NONCACHE_BUFFER_START = (0x1 == _RZT_ORDINAL)?(SYSTEM_RAM_MIRROR_END_ADDRESS - NONCACHE_BUFFER_OFFSET):((0x0 == HAS_SYSTEM_RAM_MIRROR) && (DEFINED (CR52_0) || DEFINED (CR52_1)))?_dmac_link_mode_end:(_mncbuffer + SYSTEM_RAM_MIRROR_OFFSET)
                0x10200000                SHARED_NONCACHE_BUFFER_START = (SYSTEM_RAM_MIRROR_END_ADDRESS - SHARED_NONCACHE_BUFFER_OFFSET)
                0x00000000                data_noncache_size = (_data_noncache_end - _data_noncache_start)
                0x00000000                dmac_link_mode_size = (_dmac_link_mode_end - _dmac_link_mode_start)
                0x00000000                sncbuffer_size = (_sncbuffer_end - _sncbuffer_start)
                0x00000000                ncbuffer_size = (_ncbuffer_end - _ncbuffer_start)

.loader_text    0x10061000     0x13c0
                0x10061000                _loader_text_start = .
 *(.loader_text)
 .loader_text   0x10061000       0x5c ./rzt/fsp/src/bsp/cmsis/Device/RENESAS/Source/cr/startup_core.o
                0x10061000                system_init
 */fsp/src/bsp/cmsis/Device/RENESAS/Source/*.o(.text*)
 .text.Default_Handler
                0x1006105c        0x4 ./rzt/fsp/src/bsp/cmsis/Device/RENESAS/Source/cr/startup_core.o
                0x1006105c                Abort_Handler
                0x1006105c                Default_Handler
                0x1006105c                Prefetch_Handler
                0x1006105c                Reserved_Handler
                0x1006105c                SVC_Handler
                0x1006105c                FIQ_Handler
                0x1006105c                Undefined_Handler
 .text.stack_init
                0x10061060       0x64 ./rzt/fsp/src/bsp/cmsis/Device/RENESAS/Source/cr/startup_core.o
                0x10061060                stack_init
 .text.fpu_slavetcm_init
                0x100610c4       0x14 ./rzt/fsp/src/bsp/cmsis/Device/RENESAS/Source/cr/startup_core.o
                0x100610c4                fpu_slavetcm_init
 .text.IRQ_Handler
                0x100610d8       0x78 ./rzt/fsp/src/bsp/cmsis/Device/RENESAS/Source/cr/startup_core.o
                0x100610d8                IRQ_Handler
 .text.bsp_fpu_advancedsimd_init
                0x10061150       0x22 ./rzt/fsp/src/bsp/cmsis/Device/RENESAS/Source/cr/system_core.o
                0x10061150                bsp_fpu_advancedsimd_init
 .text.bsp_slavetcm_enable
                0x10061172       0x16 ./rzt/fsp/src/bsp/cmsis/Device/RENESAS/Source/cr/system_core.o
                0x10061172                bsp_slavetcm_enable
 .text.bsp_mpu_init
                0x10061188       0x1a ./rzt/fsp/src/bsp/cmsis/Device/RENESAS/Source/cr/system_core.o
                0x10061188                bsp_mpu_init
 .text.bsp_memory_protect_setting
                0x100611a2       0x62 ./rzt/fsp/src/bsp/cmsis/Device/RENESAS/Source/cr/system_core.o
                0x100611a2                bsp_memory_protect_setting
 .text.bsp_irq_cfg_common
                0x10061204       0x1e ./rzt/fsp/src/bsp/cmsis/Device/RENESAS/Source/cr/system_core.o
                0x10061204                bsp_irq_cfg_common
 .text.SystemInit
                0x10061222       0x4e ./rzt/fsp/src/bsp/cmsis/Device/RENESAS/Source/startup.o
                0x10061222                SystemInit
 .text.bsp_master_mpu_init
                0x10061270      0x25e ./rzt/fsp/src/bsp/cmsis/Device/RENESAS/Source/system.o
                0x10061270                bsp_master_mpu_init
 .text.bsp_loader_data_init
                0x100614ce        0x2 ./rzt/fsp/src/bsp/cmsis/Device/RENESAS/Source/system.o
                0x100614ce                bsp_loader_data_init
 .text.bsp_bss_init_multibyte
                0x100614d0       0x32 ./rzt/fsp/src/bsp/cmsis/Device/RENESAS/Source/system.o
                0x100614d0                bsp_bss_init_multibyte
 .text.bsp_loader_bss_init
                0x10061502       0x30 ./rzt/fsp/src/bsp/cmsis/Device/RENESAS/Source/system.o
                0x10061502                bsp_loader_bss_init
 .text.bsp_tfu_init
                0x10061532       0x5c ./rzt/fsp/src/bsp/cmsis/Device/RENESAS/Source/system.o
                0x10061532                bsp_tfu_init
 .text.bsp_static_constructor_init
                0x1006158e       0x5c ./rzt/fsp/src/bsp/cmsis/Device/RENESAS/Source/system.o
                0x1006158e                bsp_static_constructor_init
 */fsp/src/bsp/mcu/all/*/bsp_irq_core.o(.text*)
 .text.bsp_prv_cr52_sel_cfg
                0x100615ea       0x56 ./rzt/fsp/src/bsp/mcu/all/cr/bsp_irq_core.o
 .text.bsp_prv_gicd_icfgr_set
                0x10061640       0x5a ./rzt/fsp/src/bsp/mcu/all/cr/bsp_irq_core.o
 .text.bsp_irq_core_cfg
                0x1006169a       0x88 ./rzt/fsp/src/bsp/mcu/all/cr/bsp_irq_core.o
                0x1006169a                bsp_irq_core_cfg
 .text.bsp_common_interrupt_handler
                0x10061722       0x64 ./rzt/fsp/src/bsp/mcu/all/cr/bsp_irq_core.o
                0x10061722                bsp_common_interrupt_handler
 */fsp/src/bsp/mcu/all/bsp_clocks.o(.text*)
 .text.SystemCoreClockUpdate
                0x10061786       0x22 ./rzt/fsp/src/bsp/mcu/all/bsp_clocks.o
                0x10061786                SystemCoreClockUpdate
 .text.bsp_prv_clock_set_hard_reset
                0x100617a8       0xc2 ./rzt/fsp/src/bsp/mcu/all/bsp_clocks.o
 .text.bsp_clock_init
                0x1006186a      0x318 ./rzt/fsp/src/bsp/mcu/all/bsp_clocks.o
                0x1006186a                bsp_clock_init
 */fsp/src/bsp/mcu/all/bsp_irq.o(.text*)
 .text.bsp_irq_cfg
                0x10061b82        0x8 ./rzt/fsp/src/bsp/mcu/all/bsp_irq.o
                0x10061b82                bsp_irq_cfg
 */fsp/src/bsp/mcu/all/bsp_semaphore.o(.text*)
 .text.bsp_semaphore_init
                0x10061b8a       0x30 ./rzt/fsp/src/bsp/mcu/all/bsp_semaphore.o
                0x10061b8a                bsp_semaphore_init
 */fsp/src/bsp/mcu/all/bsp_register_protection.o(.text*)
 .text.R_BSP_RegisterProtectEnable
                0x10061bba       0x70 ./rzt/fsp/src/bsp/mcu/all/bsp_register_protection.o
                0x10061bba                R_BSP_RegisterProtectEnable
 .text.R_BSP_RegisterProtectDisable
                0x10061c2a       0x5c ./rzt/fsp/src/bsp/mcu/all/bsp_register_protection.o
                0x10061c2a                R_BSP_RegisterProtectDisable
 */fsp/src/bsp/mcu/all/bsp_cache.o(.text*)
 .text.R_BSP_CacheEnableInst
                0x10061c86       0x16 ./rzt/fsp/src/bsp/mcu/all/bsp_cache.o
                0x10061c86                R_BSP_CacheEnableInst
 .text.R_BSP_CacheEnableData
                0x10061c9c       0x16 ./rzt/fsp/src/bsp/mcu/all/bsp_cache.o
                0x10061c9c                R_BSP_CacheEnableData
 .text.R_BSP_CacheEnableMemoryProtect
                0x10061cb2       0x16 ./rzt/fsp/src/bsp/mcu/all/bsp_cache.o
                0x10061cb2                R_BSP_CacheEnableMemoryProtect
 .text.R_BSP_CacheInvalidateAll
                0x10061cc8       0x96 ./rzt/fsp/src/bsp/mcu/all/bsp_cache.o
                0x10061cc8                R_BSP_CacheInvalidateAll
 */fsp/src/bsp/mcu/all/bsp_tzc400.o(.text*)
 .text.bsp_tzc_400_cfg
                0x10061d5e       0x5e ./rzt/fsp/src/bsp/mcu/all/bsp_tzc400.o
                0x10061d5e                bsp_tzc_400_cfg
 */fsp/src/bsp/mcu/all/bsp_address_expander.o(.text*)
 .text.bsp_address_expander_init
                0x10061dbc       0x3e ./rzt/fsp/src/bsp/mcu/all/bsp_address_expander.o
                0x10061dbc                bsp_address_expander_init
 */fsp/src/r_ioport/r_ioport.o(.text*)
 .text.R_BSP_PinAccessEnable
                0x10061dfa       0x4e ./rzt/fsp/src/r_ioport/r_ioport.o
 .text.R_BSP_PinAccessDisable
                0x10061e48       0x62 ./rzt/fsp/src/r_ioport/r_ioport.o
 .text.r_ioport_pin_set_safety
                0x10061eaa      0x164 ./rzt/fsp/src/r_ioport/r_ioport.o
 .text.r_ioport_pin_set_non_safety
                0x1006200e      0x164 ./rzt/fsp/src/r_ioport/r_ioport.o
 .text.r_ioport_pin_set
                0x10062172       0x72 ./rzt/fsp/src/r_ioport/r_ioport.o
 .text.r_ioport_pins_config
                0x100621e4       0x28 ./rzt/fsp/src/r_ioport/r_ioport.o
 .text.r_ioport_event_config
                0x1006220c      0x162 ./rzt/fsp/src/r_ioport/r_ioport.o
 .text.R_IOPORT_Open
                0x1006236e       0x20 ./rzt/fsp/src/r_ioport/r_ioport.o
                0x1006236e                R_IOPORT_Open
 *(.warm_start)
 .warm_start    0x1006238e       0x2a ./src/hal_entry.o
                0x1006238e                R_BSP_WarmStart
 .warm_start.__stub
                0x100623b8        0x8 linker stubs
                0x100623c0                _loader_text_end = .

.loader_data    0x100623c0      0xb28
 */fsp/src/bsp/cmsis/Device/RENESAS/Source/*.o(.data*)
 */fsp/src/bsp/cmsis/Device/RENESAS/Source/*/system_core.o(.rodata*)
 .rodata.g_bsp_el1_mpu
                0x100623c0       0xc0 ./rzt/fsp/src/bsp/cmsis/Device/RENESAS/Source/cr/system_core.o
 */fsp/src/bsp/mcu/all/*/bsp_irq_core.o(.data*)
 */fsp/src/bsp/mcu/all/bsp_clocks.o(.data*)
 */fsp/src/bsp/mcu/all/bsp_irq.o(.data*)
 */fsp/src/bsp/mcu/all/bsp_semaphore.o(.data*)
 */fsp/src/bsp/mcu/all/bsp_register_protection.o(.data*)
 */fsp/src/bsp/mcu/all/bsp_register_protection.o(.rodata*)
 .rodata.g_prcr_masks
                0x10062480        0x8 ./rzt/fsp/src/bsp/mcu/all/bsp_register_protection.o
 */fsp/src/bsp/mcu/all/bsp_cache.o(.data*)
 */fsp/src/bsp/mcu/all/bsp_tzc400.o(.data*)
 */fsp/src/bsp/mcu/all/bsp_tzc400.o(.rodata*)
 .rodata.g_bsp_tzc_module_cfg_data
                0x10062488       0x90 ./rzt/fsp/src/bsp/mcu/all/bsp_tzc400.o
 */fsp/src/bsp/mcu/all/bsp_address_expander.o(.data*)
 */fsp/src/r_ioport/r_ioport.o(.data*)
                0x10062518                . = ALIGN (0x8)
                0x10062518                __loader_bss_start = .
 */fsp/src/bsp/cmsis/Device/RENESAS/Source/*.o(.bss*)
 .bss.g_sgi_ppi_vector_table
                0x10062518       0x80 ./rzt/fsp/src/bsp/cmsis/Device/RENESAS/Source/cr/system_core.o
                0x10062518                g_sgi_ppi_vector_table
 .bss.SystemCoreClock
                0x10062598        0x4 ./rzt/fsp/src/bsp/cmsis/Device/RENESAS/Source/system.o
                0x10062598                SystemCoreClock
 */fsp/src/bsp/mcu/all/*/bsp_irq_core.o(.bss*)
 .bss.g_current_interrupt_pointer
                0x1006259c        0x1 ./rzt/fsp/src/bsp/mcu/all/cr/bsp_irq_core.o
                0x1006259c                g_current_interrupt_pointer
 *fill*         0x1006259d        0x3 
 .bss.g_current_interrupt_num
                0x100625a0       0x40 ./rzt/fsp/src/bsp/mcu/all/cr/bsp_irq_core.o
                0x100625a0                g_current_interrupt_num
 .bss.gp_renesas_isr_context
                0x100625e0      0x900 ./rzt/fsp/src/bsp/mcu/all/cr/bsp_irq_core.o
                0x100625e0                gp_renesas_isr_context
 */fsp/src/bsp/mcu/all/bsp_clocks.o(.bss*)
 */fsp/src/bsp/mcu/all/bsp_irq.o(.bss*)
 */fsp/src/bsp/mcu/all/bsp_semaphore.o(.bss*)
 */fsp/src/bsp/mcu/all/bsp_register_protection.o(.bss*)
 .bss.g_protect_counters
                0x10062ee0        0x8 ./rzt/fsp/src/bsp/mcu/all/bsp_register_protection.o
                0x10062ee0                g_protect_counters
 */fsp/src/bsp/mcu/all/bsp_cache.o(.bss*)
 */fsp/src/bsp/mcu/all/bsp_tzc400.o(.bss*)
 */fsp/src/bsp/mcu/all/bsp_address_expander.o(.bss*)
 */fsp/src/r_ioport/r_ioport.o(.bss*)
 *(.ttbr)
 */fsp/src/bsp/cmsis/Device/RENESAS/Source/*.o(COMMON)
 */fsp/src/bsp/mcu/all/*/bsp_irq_core.o(COMMON)
 */fsp/src/bsp/mcu/all/bsp_clocks.o(COMMON)
 */fsp/src/bsp/mcu/all/bsp_irq.o(COMMON)
 */fsp/src/bsp/mcu/all/bsp_semaphore.o(COMMON)
 */fsp/src/bsp/mcu/all/bsp_register_protection.o(.COMMON)
 */fsp/src/bsp/mcu/all/bsp_cache.o(.COMMON)
 */fsp/src/bsp/mcu/all/bsp_tzc400.o(.COMMON)
 */fsp/src/bsp/mcu/all/bsp_address_expander.o(.COMMON)
 */fsp/src/r_ioport/r_ioport.o(.COMMON)
                0x10062ee8                . = ALIGN (0x8)
                0x10062ee8                __loader_bss_end = .

.intvec         0x10060000       0x80
                0x10060000                _fvector_start = .
 *(.intvec)
 .intvec        0x10060000       0x40 ./rzt/fsp/src/bsp/cmsis/Device/RENESAS/Source/cr/startup_core.o
                0x10060000                __Vectors
                0x10060080                . = ALIGN (0x80)
 *fill*         0x10060040       0x40 
 *(.intvec_0x080)
                0x10060080                . = ALIGN (0x80)
 *(.intvec_0x100)
                0x10060080                . = ALIGN (0x80)
 *(.intvec_0x180)
                0x10060080                . = ALIGN (0x80)
 *(.intvec_0x200)
                0x10060080                . = ALIGN (0x80)
 *(.intvec_0x280)
                0x10060080                . = ALIGN (0x80)
 *(.intvec_0x300)
                0x10060080                . = ALIGN (0x80)
 *(.intvec_0x380)
                0x10060080                . = ALIGN (0x80)
 *(.intvec_0x400)
                0x10060080                . = ALIGN (0x80)
 *(.intvec_0x480)
                0x10060080                . = ALIGN (0x80)
 *(.intvec_0x500)
                0x10060080                . = ALIGN (0x80)
 *(.intvec_0x580)
                0x10060080                . = ALIGN (0x80)
 *(.intvec_0x600)
                0x10060080                . = ALIGN (0x80)
 *(.intvec_0x680)
                0x10060080                . = ALIGN (0x80)
 *(.intvec_0x700)
                0x10060080                . = ALIGN (0x80)
 *(.intvec_0x780)
                0x10060080                _fvector_end = .

.noncache_init  0x10070000        0x0
                0x10070000                . = (0x0 != data_noncache_size)?ALIGN (0x8):.
                0x10070000                _mdata_noncache = .
                0x10070000                . = (. + data_noncache_size)
                0x10070000                . = (0x0 != dmac_link_mode_size)?ALIGN (0x8):.
                0x10070000                _mdmac_link_mode = .
                0x10070000                . = (. + dmac_link_mode_size)
                0x10070000                . = (0x0 != sncbuffer_size)?ALIGN (0x20):.
                0x10070000                _msncbuffer = .
                0x10070000                . = (. + sncbuffer_size)
                0x10070000                . = (0x0 != ncbuffer_size)?ALIGN (0x20):.
                0x10070000                _mncbuffer = .
                0x10070000                . = (. + ncbuffer_size)
                0x10070000                noncache_init_end = .

.text           0x10070000     0x79dc
                0x10070000                _text_start = .
 *(.text*)
 .text.hal_entry
                0x10070000      0x170 ./src/hal_entry.o
                0x10070000                hal_entry
 .text.user_uart_callback
                0x10070170       0x94 ./src/hal_entry.o
                0x10070170                user_uart_callback
 .text.IoGetchar
                0x10070204       0x42 ./src/siochar.o
                0x10070204                IoGetchar
 .text.IoPutchar
                0x10070246       0x36 ./src/siochar.o
                0x10070246                IoPutchar
 .text.SioWrite
                0x1007027c       0x4c ./src/siorw.o
                0x1007027c                SioWrite
 .text._write   0x100702c8        0x8 ./src/siorw.o
                0x100702c8                _write
 .text.SioRead  0x100702d0       0xe4 ./src/siorw.o
                0x100702d0                SioRead
 .text._read    0x100703b4        0x8 ./src/siorw.o
                0x100703b4                _read
 .text.main     0x100703bc        0xa ./rzt_gen/main.o
                0x100703bc                main
 .text.r_bsp_irq_clear_pending
                0x100703c6       0x2c ./rzt/fsp/src/r_sci_uart/r_sci_uart.o
 .text.r_bsp_irq_cfg
                0x100703f2       0xa4 ./rzt/fsp/src/r_sci_uart/r_sci_uart.o
 .text.r_bsp_irq_enable_no_clear
                0x10070496       0x36 ./rzt/fsp/src/r_sci_uart/r_sci_uart.o
 .text.r_bsp_irq_disable
                0x100704cc       0x34 ./rzt/fsp/src/r_sci_uart/r_sci_uart.o
 .text.R_SCI_UART_Read
                0x10070500        0x8 ./rzt/fsp/src/r_sci_uart/r_sci_uart.o
                0x10070500                R_SCI_UART_Read
 .text.R_SCI_UART_Write
                0x10070508       0x50 ./rzt/fsp/src/r_sci_uart/r_sci_uart.o
                0x10070508                R_SCI_UART_Write
 .text.r_sci_irq_cfg
                0x10070558       0x26 ./rzt/fsp/src/r_sci_uart/r_sci_uart.o
 .text.r_sci_irqs_cfg
                0x1007057e       0x36 ./rzt/fsp/src/r_sci_uart/r_sci_uart.o
 .text.r_sci_uart_baud_set
                0x100705b4       0x1a ./rzt/fsp/src/r_sci_uart/r_sci_uart.o
 .text.r_sci_uart_config_set
                0x100705ce       0xf0 ./rzt/fsp/src/r_sci_uart/r_sci_uart.o
 .text.r_sci_uart_call_callback
                0x100706be       0x46 ./rzt/fsp/src/r_sci_uart/r_sci_uart.o
 .text.sci_uart_txi_common
                0x10070704       0x6a ./rzt/fsp/src/r_sci_uart/r_sci_uart.o
 .text.R_SCI_UART_Open
                0x1007076e      0x356 ./rzt/fsp/src/r_sci_uart/r_sci_uart.o
                0x1007076e                R_SCI_UART_Open
 .text.sci_uart_rxi_common
                0x10070ac4       0x4e ./rzt/fsp/src/r_sci_uart/r_sci_uart.o
 .text.sci_uart_txi_isr
                0x10070b12       0x2e ./rzt/fsp/src/r_sci_uart/r_sci_uart.o
                0x10070b12                sci_uart_txi_isr
 .text.sci_uart_rxi_isr
                0x10070b40       0x2e ./rzt/fsp/src/r_sci_uart/r_sci_uart.o
                0x10070b40                sci_uart_rxi_isr
 .text.sci_uart_tei_isr
                0x10070b6e       0x4a ./rzt/fsp/src/r_sci_uart/r_sci_uart.o
                0x10070b6e                sci_uart_tei_isr
 .text.sci_uart_eri_isr
                0x10070bb8       0x7e ./rzt/fsp/src/r_sci_uart/r_sci_uart.o
                0x10070bb8                sci_uart_eri_isr
 .text._sbrk    0x10070c36       0x5c ./rzt/fsp/src/bsp/mcu/all/bsp_sbrk.o
                0x10070c36                _sbrk
 *fill*         0x10070c92        0x2 
 .text          0x10070c94        0x4 c:/renesas/rzt/e2studio_v2024-10_fsp_v2.2.0/toolchains/gcc_arm/arm-gnu-toolchain-12.2.rel1-mingw-w64-i686-arm-none-eabi/bin/../lib/gcc/arm-none-eabi/12.2.1/thumb/v7+fp/hard\libgcc.a(_dvmd_tls.o)
                0x10070c94                __aeabi_idiv0
                0x10070c94                __aeabi_ldiv0
 .text._malloc_r
                0x10070c98      0x58c c:/renesas/rzt/e2studio_v2024-10_fsp_v2.2.0/toolchains/gcc_arm/arm-gnu-toolchain-12.2.rel1-mingw-w64-i686-arm-none-eabi/bin/../lib/gcc/arm-none-eabi/12.2.1/thumb/v7+fp/hard\libg.a(libc_a-mallocr.o)
                0x10070c98                _malloc_r
 .text.__malloc_lock
                0x10071224        0xc c:/renesas/rzt/e2studio_v2024-10_fsp_v2.2.0/toolchains/gcc_arm/arm-gnu-toolchain-12.2.rel1-mingw-w64-i686-arm-none-eabi/bin/../lib/gcc/arm-none-eabi/12.2.1/thumb/v7+fp/hard\libg.a(libc_a-mlock.o)
                0x10071224                __malloc_lock
 .text.__malloc_unlock
                0x10071230        0xc c:/renesas/rzt/e2studio_v2024-10_fsp_v2.2.0/toolchains/gcc_arm/arm-gnu-toolchain-12.2.rel1-mingw-w64-i686-arm-none-eabi/bin/../lib/gcc/arm-none-eabi/12.2.1/thumb/v7+fp/hard\libg.a(libc_a-mlock.o)
                0x10071230                __malloc_unlock
 .text._gets_r  0x1007123c       0x94 c:/renesas/rzt/e2studio_v2024-10_fsp_v2.2.0/toolchains/gcc_arm/arm-gnu-toolchain-12.2.rel1-mingw-w64-i686-arm-none-eabi/bin/../lib/gcc/arm-none-eabi/12.2.1/thumb/v7+fp/hard\libg.a(libc_a-gets.o)
                0x1007123c                _gets_r
 .text.gets     0x100712d0       0x10 c:/renesas/rzt/e2studio_v2024-10_fsp_v2.2.0/toolchains/gcc_arm/arm-gnu-toolchain-12.2.rel1-mingw-w64-i686-arm-none-eabi/bin/../lib/gcc/arm-none-eabi/12.2.1/thumb/v7+fp/hard\libg.a(libc_a-gets.o)
                0x100712d0                gets
 .text.printf   0x100712e0       0x28 c:/renesas/rzt/e2studio_v2024-10_fsp_v2.2.0/toolchains/gcc_arm/arm-gnu-toolchain-12.2.rel1-mingw-w64-i686-arm-none-eabi/bin/../lib/gcc/arm-none-eabi/12.2.1/thumb/v7+fp/hard\libg.a(libc_a-printf.o)
                0x100712e0                printf
 .text._puts_r  0x10071308       0x9c c:/renesas/rzt/e2studio_v2024-10_fsp_v2.2.0/toolchains/gcc_arm/arm-gnu-toolchain-12.2.rel1-mingw-w64-i686-arm-none-eabi/bin/../lib/gcc/arm-none-eabi/12.2.1/thumb/v7+fp/hard\libg.a(libc_a-puts.o)
                0x10071308                _puts_r
 .text.puts     0x100713a4       0x10 c:/renesas/rzt/e2studio_v2024-10_fsp_v2.2.0/toolchains/gcc_arm/arm-gnu-toolchain-12.2.rel1-mingw-w64-i686-arm-none-eabi/bin/../lib/gcc/arm-none-eabi/12.2.1/thumb/v7+fp/hard\libg.a(libc_a-puts.o)
                0x100713a4                puts
 .text.__srget_r
                0x100713b4       0x34 c:/renesas/rzt/e2studio_v2024-10_fsp_v2.2.0/toolchains/gcc_arm/arm-gnu-toolchain-12.2.rel1-mingw-w64-i686-arm-none-eabi/bin/../lib/gcc/arm-none-eabi/12.2.1/thumb/v7+fp/hard\libg.a(libc_a-rget.o)
                0x100713b4                __srget_r
 .text._sbrk_r  0x100713e8       0x28 c:/renesas/rzt/e2studio_v2024-10_fsp_v2.2.0/toolchains/gcc_arm/arm-gnu-toolchain-12.2.rel1-mingw-w64-i686-arm-none-eabi/bin/../lib/gcc/arm-none-eabi/12.2.1/thumb/v7+fp/hard\libg.a(libc_a-sbrkr.o)
                0x100713e8                _sbrk_r
 .text.__errno  0x10071410        0xc c:/renesas/rzt/e2studio_v2024-10_fsp_v2.2.0/toolchains/gcc_arm/arm-gnu-toolchain-12.2.rel1-mingw-w64-i686-arm-none-eabi/bin/../lib/gcc/arm-none-eabi/12.2.1/thumb/v7+fp/hard\libg.a(libc_a-errno.o)
                0x10071410                __errno
 .text.__retarget_lock_init_recursive
                0x1007141c        0x4 c:/renesas/rzt/e2studio_v2024-10_fsp_v2.2.0/toolchains/gcc_arm/arm-gnu-toolchain-12.2.rel1-mingw-w64-i686-arm-none-eabi/bin/../lib/gcc/arm-none-eabi/12.2.1/thumb/v7+fp/hard\libg.a(libc_a-lock.o)
                0x1007141c                __retarget_lock_init_recursive
 .text.__retarget_lock_close_recursive
                0x10071420        0x4 c:/renesas/rzt/e2studio_v2024-10_fsp_v2.2.0/toolchains/gcc_arm/arm-gnu-toolchain-12.2.rel1-mingw-w64-i686-arm-none-eabi/bin/../lib/gcc/arm-none-eabi/12.2.1/thumb/v7+fp/hard\libg.a(libc_a-lock.o)
                0x10071420                __retarget_lock_close_recursive
 .text.__retarget_lock_acquire_recursive
                0x10071424        0x4 c:/renesas/rzt/e2studio_v2024-10_fsp_v2.2.0/toolchains/gcc_arm/arm-gnu-toolchain-12.2.rel1-mingw-w64-i686-arm-none-eabi/bin/../lib/gcc/arm-none-eabi/12.2.1/thumb/v7+fp/hard\libg.a(libc_a-lock.o)
                0x10071424                __retarget_lock_acquire_recursive
 .text.__retarget_lock_release_recursive
                0x10071428        0x4 c:/renesas/rzt/e2studio_v2024-10_fsp_v2.2.0/toolchains/gcc_arm/arm-gnu-toolchain-12.2.rel1-mingw-w64-i686-arm-none-eabi/bin/../lib/gcc/arm-none-eabi/12.2.1/thumb/v7+fp/hard\libg.a(libc_a-lock.o)
                0x10071428                __retarget_lock_release_recursive
 .text.sysconf  0x1007142c       0x1c c:/renesas/rzt/e2studio_v2024-10_fsp_v2.2.0/toolchains/gcc_arm/arm-gnu-toolchain-12.2.rel1-mingw-w64-i686-arm-none-eabi/bin/../lib/gcc/arm-none-eabi/12.2.1/thumb/v7+fp/hard\libg.a(libc_a-sysconf.o)
                0x1007142c                sysconf
 .text          0x10071448       0xec c:/renesas/rzt/e2studio_v2024-10_fsp_v2.2.0/toolchains/gcc_arm/arm-gnu-toolchain-12.2.rel1-mingw-w64-i686-arm-none-eabi/bin/../lib/gcc/arm-none-eabi/12.2.1/thumb/v7+fp/hard\libg.a(libc_a-memcpy.o)
                0x10071448                memcpy
 .text.strlen   0x10071534       0x5c c:/renesas/rzt/e2studio_v2024-10_fsp_v2.2.0/toolchains/gcc_arm/arm-gnu-toolchain-12.2.rel1-mingw-w64-i686-arm-none-eabi/bin/../lib/gcc/arm-none-eabi/12.2.1/thumb/v7+fp/hard\libg.a(libc_a-strlen-stub.o)
                0x10071534                strlen
 .text._malloc_trim_r
                0x10071590       0xc0 c:/renesas/rzt/e2studio_v2024-10_fsp_v2.2.0/toolchains/gcc_arm/arm-gnu-toolchain-12.2.rel1-mingw-w64-i686-arm-none-eabi/bin/../lib/gcc/arm-none-eabi/12.2.1/thumb/v7+fp/hard\libg.a(libc_a-freer.o)
                0x10071590                _malloc_trim_r
 .text._free_r  0x10071650      0x208 c:/renesas/rzt/e2studio_v2024-10_fsp_v2.2.0/toolchains/gcc_arm/arm-gnu-toolchain-12.2.rel1-mingw-w64-i686-arm-none-eabi/bin/../lib/gcc/arm-none-eabi/12.2.1/thumb/v7+fp/hard\libg.a(libc_a-freer.o)
                0x10071650                _free_r
 .text._vfprintf_r
                0x10071858     0x1c9c c:/renesas/rzt/e2studio_v2024-10_fsp_v2.2.0/toolchains/gcc_arm/arm-gnu-toolchain-12.2.rel1-mingw-w64-i686-arm-none-eabi/bin/../lib/gcc/arm-none-eabi/12.2.1/thumb/v7+fp/hard\libg.a(libc_a-vfprintf.o)
                0x10071858                _vfprintf_r
 .text.__sbprintf
                0x100734f4       0x80 c:/renesas/rzt/e2studio_v2024-10_fsp_v2.2.0/toolchains/gcc_arm/arm-gnu-toolchain-12.2.rel1-mingw-w64-i686-arm-none-eabi/bin/../lib/gcc/arm-none-eabi/12.2.1/thumb/v7+fp/hard\libg.a(libc_a-vfprintf.o)
 .text.__sprint_r.part.0
                0x10073574       0x78 c:/renesas/rzt/e2studio_v2024-10_fsp_v2.2.0/toolchains/gcc_arm/arm-gnu-toolchain-12.2.rel1-mingw-w64-i686-arm-none-eabi/bin/../lib/gcc/arm-none-eabi/12.2.1/thumb/v7+fp/hard\libg.a(libc_a-vfiprintf.o)
 .text.__sprint_r
                0x100735ec       0x18 c:/renesas/rzt/e2studio_v2024-10_fsp_v2.2.0/toolchains/gcc_arm/arm-gnu-toolchain-12.2.rel1-mingw-w64-i686-arm-none-eabi/bin/../lib/gcc/arm-none-eabi/12.2.1/thumb/v7+fp/hard\libg.a(libc_a-vfiprintf.o)
                0x100735ec                __sprint_r
 .text._vfiprintf_r
                0x10073604     0x1034 c:/renesas/rzt/e2studio_v2024-10_fsp_v2.2.0/toolchains/gcc_arm/arm-gnu-toolchain-12.2.rel1-mingw-w64-i686-arm-none-eabi/bin/../lib/gcc/arm-none-eabi/12.2.1/thumb/v7+fp/hard\libg.a(libc_a-vfiprintf.o)
                0x10073604                _vfiprintf_r
 .text.__sbprintf
                0x10074638       0x80 c:/renesas/rzt/e2studio_v2024-10_fsp_v2.2.0/toolchains/gcc_arm/arm-gnu-toolchain-12.2.rel1-mingw-w64-i686-arm-none-eabi/bin/../lib/gcc/arm-none-eabi/12.2.1/thumb/v7+fp/hard\libg.a(libc_a-vfiprintf.o)
 .text.__sflush_r
                0x100746b8      0x13c c:/renesas/rzt/e2studio_v2024-10_fsp_v2.2.0/toolchains/gcc_arm/arm-gnu-toolchain-12.2.rel1-mingw-w64-i686-arm-none-eabi/bin/../lib/gcc/arm-none-eabi/12.2.1/thumb/v7+fp/hard\libg.a(libc_a-fflush.o)
                0x100746b8                __sflush_r
 .text._fflush_r
                0x100747f4       0x54 c:/renesas/rzt/e2studio_v2024-10_fsp_v2.2.0/toolchains/gcc_arm/arm-gnu-toolchain-12.2.rel1-mingw-w64-i686-arm-none-eabi/bin/../lib/gcc/arm-none-eabi/12.2.1/thumb/v7+fp/hard\libg.a(libc_a-fflush.o)
                0x100747f4                _fflush_r
 .text.stdio_exit_handler
                0x10074848       0x1c c:/renesas/rzt/e2studio_v2024-10_fsp_v2.2.0/toolchains/gcc_arm/arm-gnu-toolchain-12.2.rel1-mingw-w64-i686-arm-none-eabi/bin/../lib/gcc/arm-none-eabi/12.2.1/thumb/v7+fp/hard\libg.a(libc_a-findfp.o)
 .text.cleanup_stdio
                0x10074864       0x40 c:/renesas/rzt/e2studio_v2024-10_fsp_v2.2.0/toolchains/gcc_arm/arm-gnu-toolchain-12.2.rel1-mingw-w64-i686-arm-none-eabi/bin/../lib/gcc/arm-none-eabi/12.2.1/thumb/v7+fp/hard\libg.a(libc_a-findfp.o)
 .text.global_stdio_init.part.0
                0x100748a4       0xf8 c:/renesas/rzt/e2studio_v2024-10_fsp_v2.2.0/toolchains/gcc_arm/arm-gnu-toolchain-12.2.rel1-mingw-w64-i686-arm-none-eabi/bin/../lib/gcc/arm-none-eabi/12.2.1/thumb/v7+fp/hard\libg.a(libc_a-findfp.o)
 .text.__sinit  0x1007499c       0x50 c:/renesas/rzt/e2studio_v2024-10_fsp_v2.2.0/toolchains/gcc_arm/arm-gnu-toolchain-12.2.rel1-mingw-w64-i686-arm-none-eabi/bin/../lib/gcc/arm-none-eabi/12.2.1/thumb/v7+fp/hard\libg.a(libc_a-findfp.o)
                0x1007499c                __sinit
 .text.__sfp_lock_acquire
                0x100749ec        0xc c:/renesas/rzt/e2studio_v2024-10_fsp_v2.2.0/toolchains/gcc_arm/arm-gnu-toolchain-12.2.rel1-mingw-w64-i686-arm-none-eabi/bin/../lib/gcc/arm-none-eabi/12.2.1/thumb/v7+fp/hard\libg.a(libc_a-findfp.o)
                0x100749ec                __sfp_lock_acquire
 .text.__sfp_lock_release
                0x100749f8        0xc c:/renesas/rzt/e2studio_v2024-10_fsp_v2.2.0/toolchains/gcc_arm/arm-gnu-toolchain-12.2.rel1-mingw-w64-i686-arm-none-eabi/bin/../lib/gcc/arm-none-eabi/12.2.1/thumb/v7+fp/hard\libg.a(libc_a-findfp.o)
                0x100749f8                __sfp_lock_release
 .text.__sfvwrite_r
                0x10074a04      0x2fc c:/renesas/rzt/e2studio_v2024-10_fsp_v2.2.0/toolchains/gcc_arm/arm-gnu-toolchain-12.2.rel1-mingw-w64-i686-arm-none-eabi/bin/../lib/gcc/arm-none-eabi/12.2.1/thumb/v7+fp/hard\libg.a(libc_a-fvwrite.o)
                0x10074a04                __sfvwrite_r
 .text._fwalk_sglue
                0x10074d00       0x44 c:/renesas/rzt/e2studio_v2024-10_fsp_v2.2.0/toolchains/gcc_arm/arm-gnu-toolchain-12.2.rel1-mingw-w64-i686-arm-none-eabi/bin/../lib/gcc/arm-none-eabi/12.2.1/thumb/v7+fp/hard\libg.a(libc_a-fwalk.o)
                0x10074d00                _fwalk_sglue
 .text.lflush   0x10074d44       0x1c c:/renesas/rzt/e2studio_v2024-10_fsp_v2.2.0/toolchains/gcc_arm/arm-gnu-toolchain-12.2.rel1-mingw-w64-i686-arm-none-eabi/bin/../lib/gcc/arm-none-eabi/12.2.1/thumb/v7+fp/hard\libg.a(libc_a-refill.o)
 .text.__srefill_r
                0x10074d60      0x10c c:/renesas/rzt/e2studio_v2024-10_fsp_v2.2.0/toolchains/gcc_arm/arm-gnu-toolchain-12.2.rel1-mingw-w64-i686-arm-none-eabi/bin/../lib/gcc/arm-none-eabi/12.2.1/thumb/v7+fp/hard\libg.a(libc_a-refill.o)
                0x10074d60                __srefill_r
 .text.__sread  0x10074e6c       0x24 c:/renesas/rzt/e2studio_v2024-10_fsp_v2.2.0/toolchains/gcc_arm/arm-gnu-toolchain-12.2.rel1-mingw-w64-i686-arm-none-eabi/bin/../lib/gcc/arm-none-eabi/12.2.1/thumb/v7+fp/hard\libg.a(libc_a-stdio.o)
                0x10074e6c                __sread
 .text.__swrite
                0x10074e90       0x40 c:/renesas/rzt/e2studio_v2024-10_fsp_v2.2.0/toolchains/gcc_arm/arm-gnu-toolchain-12.2.rel1-mingw-w64-i686-arm-none-eabi/bin/../lib/gcc/arm-none-eabi/12.2.1/thumb/v7+fp/hard\libg.a(libc_a-stdio.o)
                0x10074e90                __swrite
 .text.__sseek  0x10074ed0       0x24 c:/renesas/rzt/e2studio_v2024-10_fsp_v2.2.0/toolchains/gcc_arm/arm-gnu-toolchain-12.2.rel1-mingw-w64-i686-arm-none-eabi/bin/../lib/gcc/arm-none-eabi/12.2.1/thumb/v7+fp/hard\libg.a(libc_a-stdio.o)
                0x10074ed0                __sseek
 .text.__sclose
                0x10074ef4        0x8 c:/renesas/rzt/e2studio_v2024-10_fsp_v2.2.0/toolchains/gcc_arm/arm-gnu-toolchain-12.2.rel1-mingw-w64-i686-arm-none-eabi/bin/../lib/gcc/arm-none-eabi/12.2.1/thumb/v7+fp/hard\libg.a(libc_a-stdio.o)
                0x10074ef4                __sclose
 .text.__swsetup_r
                0x10074efc       0xc4 c:/renesas/rzt/e2studio_v2024-10_fsp_v2.2.0/toolchains/gcc_arm/arm-gnu-toolchain-12.2.rel1-mingw-w64-i686-arm-none-eabi/bin/../lib/gcc/arm-none-eabi/12.2.1/thumb/v7+fp/hard\libg.a(libc_a-wsetup.o)
                0x10074efc                __swsetup_r
 .text.__fputwc
                0x10074fc0       0x84 c:/renesas/rzt/e2studio_v2024-10_fsp_v2.2.0/toolchains/gcc_arm/arm-gnu-toolchain-12.2.rel1-mingw-w64-i686-arm-none-eabi/bin/../lib/gcc/arm-none-eabi/12.2.1/thumb/v7+fp/hard\libg.a(libc_a-fputwc.o)
                0x10074fc0                __fputwc
 .text._fputwc_r
                0x10075044       0x64 c:/renesas/rzt/e2studio_v2024-10_fsp_v2.2.0/toolchains/gcc_arm/arm-gnu-toolchain-12.2.rel1-mingw-w64-i686-arm-none-eabi/bin/../lib/gcc/arm-none-eabi/12.2.1/thumb/v7+fp/hard\libg.a(libc_a-fputwc.o)
                0x10075044                _fputwc_r
 .text.memmove  0x100750a8       0xfc c:/renesas/rzt/e2studio_v2024-10_fsp_v2.2.0/toolchains/gcc_arm/arm-gnu-toolchain-12.2.rel1-mingw-w64-i686-arm-none-eabi/bin/../lib/gcc/arm-none-eabi/12.2.1/thumb/v7+fp/hard\libg.a(libc_a-memmove.o)
                0x100750a8                memmove
 .text.memset   0x100751a4       0xa8 c:/renesas/rzt/e2studio_v2024-10_fsp_v2.2.0/toolchains/gcc_arm/arm-gnu-toolchain-12.2.rel1-mingw-w64-i686-arm-none-eabi/bin/../lib/gcc/arm-none-eabi/12.2.1/thumb/v7+fp/hard\libg.a(libc_a-memset.o)
                0x100751a4                memset
 .text.strncpy  0x1007524c       0x74 c:/renesas/rzt/e2studio_v2024-10_fsp_v2.2.0/toolchains/gcc_arm/arm-gnu-toolchain-12.2.rel1-mingw-w64-i686-arm-none-eabi/bin/../lib/gcc/arm-none-eabi/12.2.1/thumb/v7+fp/hard\libg.a(libc_a-strncpy.o)
                0x1007524c                strncpy
 .text.__locale_mb_cur_max
                0x100752c0       0x10 c:/renesas/rzt/e2studio_v2024-10_fsp_v2.2.0/toolchains/gcc_arm/arm-gnu-toolchain-12.2.rel1-mingw-w64-i686-arm-none-eabi/bin/../lib/gcc/arm-none-eabi/12.2.1/thumb/v7+fp/hard\libg.a(libc_a-locale.o)
                0x100752c0                __locale_mb_cur_max
 .text._localeconv_r
                0x100752d0        0x8 c:/renesas/rzt/e2studio_v2024-10_fsp_v2.2.0/toolchains/gcc_arm/arm-gnu-toolchain-12.2.rel1-mingw-w64-i686-arm-none-eabi/bin/../lib/gcc/arm-none-eabi/12.2.1/thumb/v7+fp/hard\libg.a(libc_a-localeconv.o)
                0x100752d0                _localeconv_r
 .text._close_r
                0x100752d8       0x28 c:/renesas/rzt/e2studio_v2024-10_fsp_v2.2.0/toolchains/gcc_arm/arm-gnu-toolchain-12.2.rel1-mingw-w64-i686-arm-none-eabi/bin/../lib/gcc/arm-none-eabi/12.2.1/thumb/v7+fp/hard\libg.a(libc_a-closer.o)
                0x100752d8                _close_r
 .text._lseek_r
                0x10075300       0x30 c:/renesas/rzt/e2studio_v2024-10_fsp_v2.2.0/toolchains/gcc_arm/arm-gnu-toolchain-12.2.rel1-mingw-w64-i686-arm-none-eabi/bin/../lib/gcc/arm-none-eabi/12.2.1/thumb/v7+fp/hard\libg.a(libc_a-lseekr.o)
                0x10075300                _lseek_r
 .text._read_r  0x10075330       0x30 c:/renesas/rzt/e2studio_v2024-10_fsp_v2.2.0/toolchains/gcc_arm/arm-gnu-toolchain-12.2.rel1-mingw-w64-i686-arm-none-eabi/bin/../lib/gcc/arm-none-eabi/12.2.1/thumb/v7+fp/hard\libg.a(libc_a-readr.o)
                0x10075330                _read_r
 .text._write_r
                0x10075360       0x30 c:/renesas/rzt/e2studio_v2024-10_fsp_v2.2.0/toolchains/gcc_arm/arm-gnu-toolchain-12.2.rel1-mingw-w64-i686-arm-none-eabi/bin/../lib/gcc/arm-none-eabi/12.2.1/thumb/v7+fp/hard\libg.a(libc_a-writer.o)
                0x10075360                _write_r
 .text.memchr   0x10075390       0x98 c:/renesas/rzt/e2studio_v2024-10_fsp_v2.2.0/toolchains/gcc_arm/arm-gnu-toolchain-12.2.rel1-mingw-w64-i686-arm-none-eabi/bin/../lib/gcc/arm-none-eabi/12.2.1/thumb/v7+fp/hard\libg.a(libc_a-memchr-stub.o)
                0x10075390                memchr
 .text.frexp    0x10075428       0x78 c:/renesas/rzt/e2studio_v2024-10_fsp_v2.2.0/toolchains/gcc_arm/arm-gnu-toolchain-12.2.rel1-mingw-w64-i686-arm-none-eabi/bin/../lib/gcc/arm-none-eabi/12.2.1/thumb/v7+fp/hard\libg.a(libm_a-s_frexp.o)
                0x10075428                frexp
 .text.quorem   0x100754a0      0x138 c:/renesas/rzt/e2studio_v2024-10_fsp_v2.2.0/toolchains/gcc_arm/arm-gnu-toolchain-12.2.rel1-mingw-w64-i686-arm-none-eabi/bin/../lib/gcc/arm-none-eabi/12.2.1/thumb/v7+fp/hard\libg.a(libc_a-dtoa.o)
 .text._dtoa_r  0x100755d8      0xd14 c:/renesas/rzt/e2studio_v2024-10_fsp_v2.2.0/toolchains/gcc_arm/arm-gnu-toolchain-12.2.rel1-mingw-w64-i686-arm-none-eabi/bin/../lib/gcc/arm-none-eabi/12.2.1/thumb/v7+fp/hard\libg.a(libc_a-dtoa.o)
                0x100755d8                _dtoa_r
 .text.__ascii_mbtowc
                0x100762ec       0x24 c:/renesas/rzt/e2studio_v2024-10_fsp_v2.2.0/toolchains/gcc_arm/arm-gnu-toolchain-12.2.rel1-mingw-w64-i686-arm-none-eabi/bin/../lib/gcc/arm-none-eabi/12.2.1/thumb/v7+fp/hard\libg.a(libc_a-mbtowc_r.o)
                0x100762ec                __ascii_mbtowc
 .text._Balloc  0x10076310       0x4c c:/renesas/rzt/e2studio_v2024-10_fsp_v2.2.0/toolchains/gcc_arm/arm-gnu-toolchain-12.2.rel1-mingw-w64-i686-arm-none-eabi/bin/../lib/gcc/arm-none-eabi/12.2.1/thumb/v7+fp/hard\libg.a(libc_a-mprec.o)
                0x10076310                _Balloc
 .text._Bfree   0x1007635c       0x14 c:/renesas/rzt/e2studio_v2024-10_fsp_v2.2.0/toolchains/gcc_arm/arm-gnu-toolchain-12.2.rel1-mingw-w64-i686-arm-none-eabi/bin/../lib/gcc/arm-none-eabi/12.2.1/thumb/v7+fp/hard\libg.a(libc_a-mprec.o)
                0x1007635c                _Bfree
 .text.__multadd
                0x10076370       0xa8 c:/renesas/rzt/e2studio_v2024-10_fsp_v2.2.0/toolchains/gcc_arm/arm-gnu-toolchain-12.2.rel1-mingw-w64-i686-arm-none-eabi/bin/../lib/gcc/arm-none-eabi/12.2.1/thumb/v7+fp/hard\libg.a(libc_a-mprec.o)
                0x10076370                __multadd
 .text.__hi0bits
                0x10076418       0x48 c:/renesas/rzt/e2studio_v2024-10_fsp_v2.2.0/toolchains/gcc_arm/arm-gnu-toolchain-12.2.rel1-mingw-w64-i686-arm-none-eabi/bin/../lib/gcc/arm-none-eabi/12.2.1/thumb/v7+fp/hard\libg.a(libc_a-mprec.o)
                0x10076418                __hi0bits
 .text.__lo0bits
                0x10076460       0x58 c:/renesas/rzt/e2studio_v2024-10_fsp_v2.2.0/toolchains/gcc_arm/arm-gnu-toolchain-12.2.rel1-mingw-w64-i686-arm-none-eabi/bin/../lib/gcc/arm-none-eabi/12.2.1/thumb/v7+fp/hard\libg.a(libc_a-mprec.o)
                0x10076460                __lo0bits
 .text.__i2b    0x100764b8       0x60 c:/renesas/rzt/e2studio_v2024-10_fsp_v2.2.0/toolchains/gcc_arm/arm-gnu-toolchain-12.2.rel1-mingw-w64-i686-arm-none-eabi/bin/../lib/gcc/arm-none-eabi/12.2.1/thumb/v7+fp/hard\libg.a(libc_a-mprec.o)
                0x100764b8                __i2b
 .text.__multiply
                0x10076518      0x174 c:/renesas/rzt/e2studio_v2024-10_fsp_v2.2.0/toolchains/gcc_arm/arm-gnu-toolchain-12.2.rel1-mingw-w64-i686-arm-none-eabi/bin/../lib/gcc/arm-none-eabi/12.2.1/thumb/v7+fp/hard\libg.a(libc_a-mprec.o)
                0x10076518                __multiply
 .text.__pow5mult
                0x1007668c       0xbc c:/renesas/rzt/e2studio_v2024-10_fsp_v2.2.0/toolchains/gcc_arm/arm-gnu-toolchain-12.2.rel1-mingw-w64-i686-arm-none-eabi/bin/../lib/gcc/arm-none-eabi/12.2.1/thumb/v7+fp/hard\libg.a(libc_a-mprec.o)
                0x1007668c                __pow5mult
 .text.__lshift
                0x10076748       0xec c:/renesas/rzt/e2studio_v2024-10_fsp_v2.2.0/toolchains/gcc_arm/arm-gnu-toolchain-12.2.rel1-mingw-w64-i686-arm-none-eabi/bin/../lib/gcc/arm-none-eabi/12.2.1/thumb/v7+fp/hard\libg.a(libc_a-mprec.o)
                0x10076748                __lshift
 .text.__mcmp   0x10076834       0x40 c:/renesas/rzt/e2studio_v2024-10_fsp_v2.2.0/toolchains/gcc_arm/arm-gnu-toolchain-12.2.rel1-mingw-w64-i686-arm-none-eabi/bin/../lib/gcc/arm-none-eabi/12.2.1/thumb/v7+fp/hard\libg.a(libc_a-mprec.o)
                0x10076834                __mcmp
 .text.__mdiff  0x10076874      0x180 c:/renesas/rzt/e2studio_v2024-10_fsp_v2.2.0/toolchains/gcc_arm/arm-gnu-toolchain-12.2.rel1-mingw-w64-i686-arm-none-eabi/bin/../lib/gcc/arm-none-eabi/12.2.1/thumb/v7+fp/hard\libg.a(libc_a-mprec.o)
                0x10076874                __mdiff
 .text.__d2b    0x100769f4       0xc8 c:/renesas/rzt/e2studio_v2024-10_fsp_v2.2.0/toolchains/gcc_arm/arm-gnu-toolchain-12.2.rel1-mingw-w64-i686-arm-none-eabi/bin/../lib/gcc/arm-none-eabi/12.2.1/thumb/v7+fp/hard\libg.a(libc_a-mprec.o)
                0x100769f4                __d2b
 .text._realloc_r
                0x10076abc      0x384 c:/renesas/rzt/e2studio_v2024-10_fsp_v2.2.0/toolchains/gcc_arm/arm-gnu-toolchain-12.2.rel1-mingw-w64-i686-arm-none-eabi/bin/../lib/gcc/arm-none-eabi/12.2.1/thumb/v7+fp/hard\libg.a(libc_a-reallocr.o)
                0x10076abc                _realloc_r
 .text.__ascii_wctomb
                0x10076e40       0x1c c:/renesas/rzt/e2studio_v2024-10_fsp_v2.2.0/toolchains/gcc_arm/arm-gnu-toolchain-12.2.rel1-mingw-w64-i686-arm-none-eabi/bin/../lib/gcc/arm-none-eabi/12.2.1/thumb/v7+fp/hard\libg.a(libc_a-wctomb_r.o)
                0x10076e40                __ascii_wctomb
 .text._wcrtomb_r
                0x10076e5c       0x4c c:/renesas/rzt/e2studio_v2024-10_fsp_v2.2.0/toolchains/gcc_arm/arm-gnu-toolchain-12.2.rel1-mingw-w64-i686-arm-none-eabi/bin/../lib/gcc/arm-none-eabi/12.2.1/thumb/v7+fp/hard\libg.a(libc_a-wcrtomb.o)
                0x10076e5c                _wcrtomb_r
 .text._wcsrtombs_r
                0x10076ea8       0x18 c:/renesas/rzt/e2studio_v2024-10_fsp_v2.2.0/toolchains/gcc_arm/arm-gnu-toolchain-12.2.rel1-mingw-w64-i686-arm-none-eabi/bin/../lib/gcc/arm-none-eabi/12.2.1/thumb/v7+fp/hard\libg.a(libc_a-wcsrtombs.o)
                0x10076ea8                _wcsrtombs_r
 .text._fclose_r
                0x10076ec0       0xc4 c:/renesas/rzt/e2studio_v2024-10_fsp_v2.2.0/toolchains/gcc_arm/arm-gnu-toolchain-12.2.rel1-mingw-w64-i686-arm-none-eabi/bin/../lib/gcc/arm-none-eabi/12.2.1/thumb/v7+fp/hard\libg.a(libc_a-fclose.o)
                0x10076ec0                _fclose_r
 .text.__smakebuf_r
                0x10076f84       0xdc c:/renesas/rzt/e2studio_v2024-10_fsp_v2.2.0/toolchains/gcc_arm/arm-gnu-toolchain-12.2.rel1-mingw-w64-i686-arm-none-eabi/bin/../lib/gcc/arm-none-eabi/12.2.1/thumb/v7+fp/hard\libg.a(libc_a-makebuf.o)
                0x10076f84                __smakebuf_r
 .text.__swbuf_r
                0x10077060       0xac c:/renesas/rzt/e2studio_v2024-10_fsp_v2.2.0/toolchains/gcc_arm/arm-gnu-toolchain-12.2.rel1-mingw-w64-i686-arm-none-eabi/bin/../lib/gcc/arm-none-eabi/12.2.1/thumb/v7+fp/hard\libg.a(libc_a-wbuf.o)
                0x10077060                __swbuf_r
 .text._fstat_r
                0x1007710c       0x2c c:/renesas/rzt/e2studio_v2024-10_fsp_v2.2.0/toolchains/gcc_arm/arm-gnu-toolchain-12.2.rel1-mingw-w64-i686-arm-none-eabi/bin/../lib/gcc/arm-none-eabi/12.2.1/thumb/v7+fp/hard\libg.a(libc_a-fstatr.o)
                0x1007710c                _fstat_r
 .text._isatty_r
                0x10077138       0x28 c:/renesas/rzt/e2studio_v2024-10_fsp_v2.2.0/toolchains/gcc_arm/arm-gnu-toolchain-12.2.rel1-mingw-w64-i686-arm-none-eabi/bin/../lib/gcc/arm-none-eabi/12.2.1/thumb/v7+fp/hard\libg.a(libc_a-isattyr.o)
                0x10077138                _isatty_r
 .text.__assert_func
                0x10077160       0x44 c:/renesas/rzt/e2studio_v2024-10_fsp_v2.2.0/toolchains/gcc_arm/arm-gnu-toolchain-12.2.rel1-mingw-w64-i686-arm-none-eabi/bin/../lib/gcc/arm-none-eabi/12.2.1/thumb/v7+fp/hard\libg.a(libc_a-assert.o)
                0x10077160                __assert_func
 .text._calloc_r
                0x100771a4       0x7c c:/renesas/rzt/e2studio_v2024-10_fsp_v2.2.0/toolchains/gcc_arm/arm-gnu-toolchain-12.2.rel1-mingw-w64-i686-arm-none-eabi/bin/../lib/gcc/arm-none-eabi/12.2.1/thumb/v7+fp/hard\libg.a(libc_a-callocr.o)
                0x100771a4                _calloc_r
 .text._wcsnrtombs_l
                0x10077220       0xfc c:/renesas/rzt/e2studio_v2024-10_fsp_v2.2.0/toolchains/gcc_arm/arm-gnu-toolchain-12.2.rel1-mingw-w64-i686-arm-none-eabi/bin/../lib/gcc/arm-none-eabi/12.2.1/thumb/v7+fp/hard\libg.a(libc_a-wcsnrtombs.o)
                0x10077220                _wcsnrtombs_l
 .text._wcsnrtombs_r
                0x1007731c       0x28 c:/renesas/rzt/e2studio_v2024-10_fsp_v2.2.0/toolchains/gcc_arm/arm-gnu-toolchain-12.2.rel1-mingw-w64-i686-arm-none-eabi/bin/../lib/gcc/arm-none-eabi/12.2.1/thumb/v7+fp/hard\libg.a(libc_a-wcsnrtombs.o)
                0x1007731c                _wcsnrtombs_r
 .text.fiprintf
                0x10077344       0x2c c:/renesas/rzt/e2studio_v2024-10_fsp_v2.2.0/toolchains/gcc_arm/arm-gnu-toolchain-12.2.rel1-mingw-w64-i686-arm-none-eabi/bin/../lib/gcc/arm-none-eabi/12.2.1/thumb/v7+fp/hard\libg.a(libc_a-fiprintf.o)
                0x10077344                fiprintf
 .text.abort    0x10077370       0x10 c:/renesas/rzt/e2studio_v2024-10_fsp_v2.2.0/toolchains/gcc_arm/arm-gnu-toolchain-12.2.rel1-mingw-w64-i686-arm-none-eabi/bin/../lib/gcc/arm-none-eabi/12.2.1/thumb/v7+fp/hard\libg.a(libc_a-abort.o)
                0x10077370                abort
 .text.raise    0x10077380       0x5c c:/renesas/rzt/e2studio_v2024-10_fsp_v2.2.0/toolchains/gcc_arm/arm-gnu-toolchain-12.2.rel1-mingw-w64-i686-arm-none-eabi/bin/../lib/gcc/arm-none-eabi/12.2.1/thumb/v7+fp/hard\libg.a(libc_a-signal.o)
                0x10077380                raise
 .text._kill_r  0x100773dc       0x2c c:/renesas/rzt/e2studio_v2024-10_fsp_v2.2.0/toolchains/gcc_arm/arm-gnu-toolchain-12.2.rel1-mingw-w64-i686-arm-none-eabi/bin/../lib/gcc/arm-none-eabi/12.2.1/thumb/v7+fp/hard\libg.a(libc_a-signalr.o)
                0x100773dc                _kill_r
 .text._getpid_r
                0x10077408        0x4 c:/renesas/rzt/e2studio_v2024-10_fsp_v2.2.0/toolchains/gcc_arm/arm-gnu-toolchain-12.2.rel1-mingw-w64-i686-arm-none-eabi/bin/../lib/gcc/arm-none-eabi/12.2.1/thumb/v7+fp/hard\libg.a(libc_a-signalr.o)
                0x10077408                _getpid_r
 *fill*         0x1007740c        0x4 
 .text          0x10077410      0x278 c:/renesas/rzt/e2studio_v2024-10_fsp_v2.2.0/toolchains/gcc_arm/arm-gnu-toolchain-12.2.rel1-mingw-w64-i686-arm-none-eabi/bin/../lib/gcc/arm-none-eabi/12.2.1/thumb/v7+fp/hard\libgcc.a(_udivsi3.o)
                0x10077410                __aeabi_uidiv
                0x10077410                __udivsi3
                0x1007766c                __aeabi_uidivmod
 .text          0x10077688      0x2b0 c:/renesas/rzt/e2studio_v2024-10_fsp_v2.2.0/toolchains/gcc_arm/arm-gnu-toolchain-12.2.rel1-mingw-w64-i686-arm-none-eabi/bin/../lib/gcc/arm-none-eabi/12.2.1/thumb/v7+fp/hard\libgcc.a(_divsi3.o)
                0x10077688                __divsi3
                0x10077688                __aeabi_idiv
                0x1007791c                __aeabi_idivmod
 .text._close   0x10077938       0x14 c:/renesas/rzt/e2studio_v2024-10_fsp_v2.2.0/toolchains/gcc_arm/arm-gnu-toolchain-12.2.rel1-mingw-w64-i686-arm-none-eabi/bin/../lib/gcc/arm-none-eabi/12.2.1/thumb/v7+fp/hard\libnosys.a(close.o)
                0x10077938                _close
 .text._fstat   0x1007794c       0x14 c:/renesas/rzt/e2studio_v2024-10_fsp_v2.2.0/toolchains/gcc_arm/arm-gnu-toolchain-12.2.rel1-mingw-w64-i686-arm-none-eabi/bin/../lib/gcc/arm-none-eabi/12.2.1/thumb/v7+fp/hard\libnosys.a(fstat.o)
                0x1007794c                _fstat
 .text._getpid  0x10077960       0x14 c:/renesas/rzt/e2studio_v2024-10_fsp_v2.2.0/toolchains/gcc_arm/arm-gnu-toolchain-12.2.rel1-mingw-w64-i686-arm-none-eabi/bin/../lib/gcc/arm-none-eabi/12.2.1/thumb/v7+fp/hard\libnosys.a(getpid.o)
                0x10077960                _getpid
 .text._isatty  0x10077974       0x10 c:/renesas/rzt/e2studio_v2024-10_fsp_v2.2.0/toolchains/gcc_arm/arm-gnu-toolchain-12.2.rel1-mingw-w64-i686-arm-none-eabi/bin/../lib/gcc/arm-none-eabi/12.2.1/thumb/v7+fp/hard\libnosys.a(isatty.o)
                0x10077974                _isatty
 .text._kill    0x10077984       0x14 c:/renesas/rzt/e2studio_v2024-10_fsp_v2.2.0/toolchains/gcc_arm/arm-gnu-toolchain-12.2.rel1-mingw-w64-i686-arm-none-eabi/bin/../lib/gcc/arm-none-eabi/12.2.1/thumb/v7+fp/hard\libnosys.a(kill.o)
                0x10077984                _kill
 .text._lseek   0x10077998       0x14 c:/renesas/rzt/e2studio_v2024-10_fsp_v2.2.0/toolchains/gcc_arm/arm-gnu-toolchain-12.2.rel1-mingw-w64-i686-arm-none-eabi/bin/../lib/gcc/arm-none-eabi/12.2.1/thumb/v7+fp/hard\libnosys.a(lseek.o)
                0x10077998                _lseek
 .text._exit    0x100779ac        0x4 c:/renesas/rzt/e2studio_v2024-10_fsp_v2.2.0/toolchains/gcc_arm/arm-gnu-toolchain-12.2.rel1-mingw-w64-i686-arm-none-eabi/bin/../lib/gcc/arm-none-eabi/12.2.1/thumb/v7+fp/hard\libnosys.a(_exit.o)
                0x100779ac                _exit
 *(.reset_handler)
 .reset_handler
                0x100779b0       0x2c ./rzt/fsp/src/bsp/cmsis/Device/RENESAS/Source/cr/startup_core.o
                0x100779b0                Reset_Handler
 *(.init)
 *(.fini)
 *crtbegin.o(.ctors)
 *crtbegin?.o(.ctors)
 *(EXCLUDE_FILE(*crtend.o *crtend?.o) .ctors)
 *(SORT_BY_NAME(.ctors.*))
 *(.ctors)
                0x100779dc                _ctor_end = .
 *crtbegin.o(.dtors)
 *crtbegin?.o(.dtors)
 *(EXCLUDE_FILE(*crtend.o *crtend?.o) .dtors)
 *(SORT_BY_NAME(.dtors.*))
 *(.dtors)
                0x100779dc                _dtor_end = .
 *(.eh_frame*)

.glue_7         0x100779dc        0x0
 .glue_7        0x100779dc        0x0 linker stubs

.glue_7t        0x100779dc        0x0
 .glue_7t       0x100779dc        0x0 linker stubs

.vfp11_veneer   0x100779dc        0x0
 .vfp11_veneer  0x100779dc        0x0 linker stubs

.v4_bx          0x100779dc        0x0
 .v4_bx         0x100779dc        0x0 linker stubs

.iplt           0x100779dc        0x0
 .iplt          0x100779dc        0x0 ./src/hal_entry.o

.rel.dyn        0x100779dc        0x0
 .rel.iplt      0x100779dc        0x0 ./src/hal_entry.o

.rvectors       0x100779dc        0x0
                0x100779dc                _rvectors_start = .
 *(.rvectors)
                0x100779dc                _rvectors_end = .

.ARM.extab
 *(.ARM.extab* .gnu.linkonce.armextab.*)

.ARM.exidx      0x100779dc        0x0
                0x100779dc                __exidx_start = .
 *(.ARM.exidx* .gnu.linkonce.armexidx.*)
                0x100779dc                __exidx_end = .
                0x100779dc                _text_end = .

.data           0x100779dc     0x2704
                0x100779dc                _data_start = .
 *(vtable)
 *(.data.*)
 .data.tx_buffer
                0x100779dc       0x21 ./src/hal_entry.o
                0x100779dc                tx_buffer
 *fill*         0x100779fd        0x3 
 .data.g_uart0_baud_setting
                0x10077a00        0x4 ./rzt_gen/hal_data.o
                0x10077a00                g_uart0_baud_setting
 .data.g_uart4_baud_setting
                0x10077a04        0x4 ./rzt_gen/hal_data.o
                0x10077a04                g_uart4_baud_setting
 .data.__malloc_sbrk_base
                0x10077a08        0x4 c:/renesas/rzt/e2studio_v2024-10_fsp_v2.2.0/toolchains/gcc_arm/arm-gnu-toolchain-12.2.rel1-mingw-w64-i686-arm-none-eabi/bin/../lib/gcc/arm-none-eabi/12.2.1/thumb/v7+fp/hard\libg.a(libc_a-mallocr.o)
                0x10077a08                __malloc_sbrk_base
 .data.__malloc_trim_threshold
                0x10077a0c        0x4 c:/renesas/rzt/e2studio_v2024-10_fsp_v2.2.0/toolchains/gcc_arm/arm-gnu-toolchain-12.2.rel1-mingw-w64-i686-arm-none-eabi/bin/../lib/gcc/arm-none-eabi/12.2.1/thumb/v7+fp/hard\libg.a(libc_a-mallocr.o)
                0x10077a0c                __malloc_trim_threshold
 .data.__malloc_av_
                0x10077a10      0x408 c:/renesas/rzt/e2studio_v2024-10_fsp_v2.2.0/toolchains/gcc_arm/arm-gnu-toolchain-12.2.rel1-mingw-w64-i686-arm-none-eabi/bin/../lib/gcc/arm-none-eabi/12.2.1/thumb/v7+fp/hard\libg.a(libc_a-mallocr.o)
                0x10077a10                __malloc_av_
 .data._impure_ptr
                0x10077e18        0x4 c:/renesas/rzt/e2studio_v2024-10_fsp_v2.2.0/toolchains/gcc_arm/arm-gnu-toolchain-12.2.rel1-mingw-w64-i686-arm-none-eabi/bin/../lib/gcc/arm-none-eabi/12.2.1/thumb/v7+fp/hard\libg.a(libc_a-impure.o)
                0x10077e18                _impure_ptr
 *fill*         0x10077e1c        0x4 
 .data._impure_data
                0x10077e20      0x120 c:/renesas/rzt/e2studio_v2024-10_fsp_v2.2.0/toolchains/gcc_arm/arm-gnu-toolchain-12.2.rel1-mingw-w64-i686-arm-none-eabi/bin/../lib/gcc/arm-none-eabi/12.2.1/thumb/v7+fp/hard\libg.a(libc_a-impure.o)
                0x10077e20                _impure_data
 .data.__sglue  0x10077f40        0xc c:/renesas/rzt/e2studio_v2024-10_fsp_v2.2.0/toolchains/gcc_arm/arm-gnu-toolchain-12.2.rel1-mingw-w64-i686-arm-none-eabi/bin/../lib/gcc/arm-none-eabi/12.2.1/thumb/v7+fp/hard\libg.a(libc_a-findfp.o)
                0x10077f40                __sglue
 .data.__global_locale
                0x10077f4c      0x16c c:/renesas/rzt/e2studio_v2024-10_fsp_v2.2.0/toolchains/gcc_arm/arm-gnu-toolchain-12.2.rel1-mingw-w64-i686-arm-none-eabi/bin/../lib/gcc/arm-none-eabi/12.2.1/thumb/v7+fp/hard\libg.a(libc_a-locale.o)
                0x10077f4c                __global_locale
 *(.data)
 *(.rodata*)
 .rodata.hal_entry.str1.4
                0x100780b8      0x14a ./src/hal_entry.o
 *fill*         0x10078202        0x2 
 .rodata.g_ioport_cfg_extend
                0x10078204       0x26 ./rzt_gen/common_data.o
                0x10078204                g_ioport_cfg_extend
 *fill*         0x1007822a        0x2 
 .rodata.g_uart0_cfg
                0x1007822c       0x28 ./rzt_gen/hal_data.o
                0x1007822c                g_uart0_cfg
 .rodata.g_uart0_cfg_extend
                0x10078254       0x14 ./rzt_gen/hal_data.o
                0x10078254                g_uart0_cfg_extend
 .rodata.g_uart4_cfg
                0x10078268       0x28 ./rzt_gen/hal_data.o
                0x10078268                g_uart4_cfg
 .rodata.g_uart4_cfg_extend
                0x10078290       0x14 ./rzt_gen/hal_data.o
                0x10078290                g_uart4_cfg_extend
 .rodata.g_bsp_pin_cfg
                0x100782a4        0xc ./rzt_gen/pin_data.o
                0x100782a4                g_bsp_pin_cfg
 .rodata.g_bsp_pin_cfg_data
                0x100782b0      0x490 ./rzt_gen/pin_data.o
                0x100782b0                g_bsp_pin_cfg_data
 .rodata.g_interrupt_event_link_select
                0x10078740      0x440 ./rzt_gen/vector_data.o
                0x10078740                g_interrupt_event_link_select
 .rodata.g_vector_table
                0x10078b80      0x880 ./rzt_gen/vector_data.o
                0x10078b80                g_vector_table
 .rodata.BSP_GICD_ICFGR_INIT
                0x10079400       0xf4 ./rzt/fsp/src/bsp/mcu/rzt2h/bsp_irq_sense.o
                0x10079400                BSP_GICD_ICFGR_INIT
 .rodata.g_bsp_master_mpu15_cfg
                0x100794f4       0x80 ./rzt/fsp/src/bsp/cmsis/Device/RENESAS/Source/system.o
                0x100794f4                g_bsp_master_mpu15_cfg
 .rodata.g_bsp_master_mpu14_cfg
                0x10079574       0x80 ./rzt/fsp/src/bsp/cmsis/Device/RENESAS/Source/system.o
                0x10079574                g_bsp_master_mpu14_cfg
 .rodata.g_bsp_master_mpu13_cfg
                0x100795f4       0x80 ./rzt/fsp/src/bsp/cmsis/Device/RENESAS/Source/system.o
                0x100795f4                g_bsp_master_mpu13_cfg
 .rodata.g_bsp_master_mpu12_cfg
                0x10079674       0x80 ./rzt/fsp/src/bsp/cmsis/Device/RENESAS/Source/system.o
                0x10079674                g_bsp_master_mpu12_cfg
 .rodata.g_bsp_master_mpu11_cfg
                0x100796f4       0x80 ./rzt/fsp/src/bsp/cmsis/Device/RENESAS/Source/system.o
                0x100796f4                g_bsp_master_mpu11_cfg
 .rodata.g_bsp_master_mpu10_cfg
                0x10079774       0x80 ./rzt/fsp/src/bsp/cmsis/Device/RENESAS/Source/system.o
                0x10079774                g_bsp_master_mpu10_cfg
 .rodata.g_bsp_master_mpu9_cfg
                0x100797f4       0x80 ./rzt/fsp/src/bsp/cmsis/Device/RENESAS/Source/system.o
                0x100797f4                g_bsp_master_mpu9_cfg
 .rodata.g_bsp_master_mpu8_cfg
                0x10079874       0x80 ./rzt/fsp/src/bsp/cmsis/Device/RENESAS/Source/system.o
                0x10079874                g_bsp_master_mpu8_cfg
 .rodata.g_bsp_master_mpu7_cfg
                0x100798f4       0x80 ./rzt/fsp/src/bsp/cmsis/Device/RENESAS/Source/system.o
                0x100798f4                g_bsp_master_mpu7_cfg
 .rodata.g_bsp_master_mpu6_cfg
                0x10079974       0x80 ./rzt/fsp/src/bsp/cmsis/Device/RENESAS/Source/system.o
                0x10079974                g_bsp_master_mpu6_cfg
 .rodata.g_bsp_master_mpu5_cfg
                0x100799f4       0x80 ./rzt/fsp/src/bsp/cmsis/Device/RENESAS/Source/system.o
                0x100799f4                g_bsp_master_mpu5_cfg
 .rodata.g_bsp_master_mpu4_cfg
                0x10079a74       0x80 ./rzt/fsp/src/bsp/cmsis/Device/RENESAS/Source/system.o
                0x10079a74                g_bsp_master_mpu4_cfg
 .rodata.g_bsp_master_mpu3_cfg
                0x10079af4       0x80 ./rzt/fsp/src/bsp/cmsis/Device/RENESAS/Source/system.o
                0x10079af4                g_bsp_master_mpu3_cfg
 .rodata.g_bsp_master_mpu2_cfg
                0x10079b74       0x80 ./rzt/fsp/src/bsp/cmsis/Device/RENESAS/Source/system.o
                0x10079b74                g_bsp_master_mpu2_cfg
 .rodata.g_bsp_master_mpu1_cfg
                0x10079bf4       0x80 ./rzt/fsp/src/bsp/cmsis/Device/RENESAS/Source/system.o
                0x10079bf4                g_bsp_master_mpu1_cfg
 .rodata.g_bsp_master_mpu0_cfg
                0x10079c74       0x80 ./rzt/fsp/src/bsp/cmsis/Device/RENESAS/Source/system.o
                0x10079c74                g_bsp_master_mpu0_cfg
 .rodata._puts_r.str1.4
                0x10079cf4        0x2 c:/renesas/rzt/e2studio_v2024-10_fsp_v2.2.0/toolchains/gcc_arm/arm-gnu-toolchain-12.2.rel1-mingw-w64-i686-arm-none-eabi/bin/../lib/gcc/arm-none-eabi/12.2.1/thumb/v7+fp/hard\libg.a(libc_a-puts.o)
 .rodata._vfprintf_r.str1.4
                0x10079cf4       0x42 c:/renesas/rzt/e2studio_v2024-10_fsp_v2.2.0/toolchains/gcc_arm/arm-gnu-toolchain-12.2.rel1-mingw-w64-i686-arm-none-eabi/bin/../lib/gcc/arm-none-eabi/12.2.1/thumb/v7+fp/hard\libg.a(libc_a-vfprintf.o)
 *fill*         0x10079d36        0x2 
 .rodata.zeroes.0
                0x10079d38       0x10 c:/renesas/rzt/e2studio_v2024-10_fsp_v2.2.0/toolchains/gcc_arm/arm-gnu-toolchain-12.2.rel1-mingw-w64-i686-arm-none-eabi/bin/../lib/gcc/arm-none-eabi/12.2.1/thumb/v7+fp/hard\libg.a(libc_a-vfprintf.o)
 .rodata.blanks.1
                0x10079d48       0x10 c:/renesas/rzt/e2studio_v2024-10_fsp_v2.2.0/toolchains/gcc_arm/arm-gnu-toolchain-12.2.rel1-mingw-w64-i686-arm-none-eabi/bin/../lib/gcc/arm-none-eabi/12.2.1/thumb/v7+fp/hard\libg.a(libc_a-vfprintf.o)
 .rodata._vfiprintf_r.str1.4
                0x10079d58       0x2f c:/renesas/rzt/e2studio_v2024-10_fsp_v2.2.0/toolchains/gcc_arm/arm-gnu-toolchain-12.2.rel1-mingw-w64-i686-arm-none-eabi/bin/../lib/gcc/arm-none-eabi/12.2.1/thumb/v7+fp/hard\libg.a(libc_a-vfiprintf.o)
 .rodata.zeroes.0
                0x10079d58       0x10 c:/renesas/rzt/e2studio_v2024-10_fsp_v2.2.0/toolchains/gcc_arm/arm-gnu-toolchain-12.2.rel1-mingw-w64-i686-arm-none-eabi/bin/../lib/gcc/arm-none-eabi/12.2.1/thumb/v7+fp/hard\libg.a(libc_a-vfiprintf.o)
 .rodata.blanks.1
                0x10079d68       0x10 c:/renesas/rzt/e2studio_v2024-10_fsp_v2.2.0/toolchains/gcc_arm/arm-gnu-toolchain-12.2.rel1-mingw-w64-i686-arm-none-eabi/bin/../lib/gcc/arm-none-eabi/12.2.1/thumb/v7+fp/hard\libg.a(libc_a-vfiprintf.o)
 .rodata.str1.4
                0x10079d78       0x48 c:/renesas/rzt/e2studio_v2024-10_fsp_v2.2.0/toolchains/gcc_arm/arm-gnu-toolchain-12.2.rel1-mingw-w64-i686-arm-none-eabi/bin/../lib/gcc/arm-none-eabi/12.2.1/thumb/v7+fp/hard\libg.a(libc_a-locale.o)
                                 0x4c (size before relaxing)
 .rodata._dtoa_r.str1.4
                0x10079dc0       0x7d c:/renesas/rzt/e2studio_v2024-10_fsp_v2.2.0/toolchains/gcc_arm/arm-gnu-toolchain-12.2.rel1-mingw-w64-i686-arm-none-eabi/bin/../lib/gcc/arm-none-eabi/12.2.1/thumb/v7+fp/hard\libg.a(libc_a-dtoa.o)
                                 0x81 (size before relaxing)
 *fill*         0x10079e3d        0x3 
 .rodata.__multadd.str1.4
                0x10079e40       0x5a c:/renesas/rzt/e2studio_v2024-10_fsp_v2.2.0/toolchains/gcc_arm/arm-gnu-toolchain-12.2.rel1-mingw-w64-i686-arm-none-eabi/bin/../lib/gcc/arm-none-eabi/12.2.1/thumb/v7+fp/hard\libg.a(libc_a-mprec.o)
                                 0x6e (size before relaxing)
 *fill*         0x10079e9a        0x2 
 .rodata.p05.0  0x10079e9c        0xc c:/renesas/rzt/e2studio_v2024-10_fsp_v2.2.0/toolchains/gcc_arm/arm-gnu-toolchain-12.2.rel1-mingw-w64-i686-arm-none-eabi/bin/../lib/gcc/arm-none-eabi/12.2.1/thumb/v7+fp/hard\libg.a(libc_a-mprec.o)
 .rodata.__mprec_bigtens
                0x10079ea8       0x28 c:/renesas/rzt/e2studio_v2024-10_fsp_v2.2.0/toolchains/gcc_arm/arm-gnu-toolchain-12.2.rel1-mingw-w64-i686-arm-none-eabi/bin/../lib/gcc/arm-none-eabi/12.2.1/thumb/v7+fp/hard\libg.a(libc_a-mprec.o)
                0x10079ea8                __mprec_bigtens
 .rodata.__mprec_tens
                0x10079ed0       0xc8 c:/renesas/rzt/e2studio_v2024-10_fsp_v2.2.0/toolchains/gcc_arm/arm-gnu-toolchain-12.2.rel1-mingw-w64-i686-arm-none-eabi/bin/../lib/gcc/arm-none-eabi/12.2.1/thumb/v7+fp/hard\libg.a(libc_a-mprec.o)
                0x10079ed0                __mprec_tens
 .rodata._ctype_
                0x10079f98      0x101 c:/renesas/rzt/e2studio_v2024-10_fsp_v2.2.0/toolchains/gcc_arm/arm-gnu-toolchain-12.2.rel1-mingw-w64-i686-arm-none-eabi/bin/../lib/gcc/arm-none-eabi/12.2.1/thumb/v7+fp/hard\libg.a(libc_a-ctype_.o)
                0x10079f98                _ctype_
 *fill*         0x1007a099        0x3 
 .rodata.__assert_func.str1.4
                0x1007a09c       0x3f c:/renesas/rzt/e2studio_v2024-10_fsp_v2.2.0/toolchains/gcc_arm/arm-gnu-toolchain-12.2.rel1-mingw-w64-i686-arm-none-eabi/bin/../lib/gcc/arm-none-eabi/12.2.1/thumb/v7+fp/hard\libg.a(libc_a-assert.o)
                                 0x43 (size before relaxing)
                0x1007a0db                _erodata = .
                0x1007a0e0                . = ALIGN (0x8)
 *fill*         0x1007a0db        0x5 
                0x1007a0e0                PROVIDE (__preinit_array_start = .)
 *(.preinit_array)
                0x1007a0e0                PROVIDE (__preinit_array_end = .)
                0x1007a0e0                . = ALIGN (0x8)
                0x1007a0e0                PROVIDE (__init_array_start = .)
 *(SORT_BY_NAME(.init_array.*))
 *(.init_array)
                0x1007a0e0                PROVIDE (__init_array_end = .)
                0x1007a0e0                . = ALIGN (0x8)
                [!provide]                PROVIDE (__fini_array_start = .)
 *(SORT_BY_NAME(.fini_array.*))
 *(.fini_array)
                [!provide]                PROVIDE (__fini_array_end = .)
 *(.jcr*)
                0x1007a0e0                . = ALIGN (0x8)

.igot.plt       0x1007a0e0        0x0
 .igot.plt      0x1007a0e0        0x0 ./src/hal_entry.o

.got            0x1007a0e0        0x0
 *(.got)
 *(.got.plt)
                0x1007a0e0                _data_end = .

.bss            0x1007a0e0      0x210
                0x1007a0e0                . = ALIGN (0x8)
                0x1007a0e0                __bss_start__ = .
                0x1007a0e0                _bss = .
 *(.bss*)
 .bss.g_rx_count
                0x1007a0e0        0x4 ./src/hal_entry.o
                0x1007a0e0                g_rx_count
 .bss.rx_buffer
                0x1007a0e4        0x8 ./src/hal_entry.o
                0x1007a0e4                rx_buffer
 .bss.g_out_of_band_index
                0x1007a0ec        0x4 ./src/hal_entry.o
                0x1007a0ec                g_out_of_band_index
 .bss.g_receive_complete
                0x1007a0f0        0x4 ./src/hal_entry.o
                0x1007a0f0                g_receive_complete
 .bss.g_transfer_complete
                0x1007a0f4        0x4 ./src/hal_entry.o
                0x1007a0f4                g_transfer_complete
 .bss.g_out_of_band_received
                0x1007a0f8        0x1 ./src/hal_entry.o
                0x1007a0f8                g_out_of_band_received
 *fill*         0x1007a0f9        0x3 
 .bss.sjis_flg.0
                0x1007a0fc        0x4 ./src/siorw.o
 .bss.g_ioport_ctrl
                0x1007a100        0xc ./rzt_gen/common_data.o
                0x1007a100                g_ioport_ctrl
 .bss.g_uart0_ctrl
                0x1007a10c       0x30 ./rzt_gen/hal_data.o
                0x1007a10c                g_uart0_ctrl
 .bss.g_uart4_ctrl
                0x1007a13c       0x30 ./rzt_gen/hal_data.o
                0x1007a13c                g_uart4_ctrl
 .bss.g_protect_port_counter
                0x1007a16c        0x4 ./rzt/fsp/src/bsp/mcu/all/bsp_io.o
                0x1007a16c                g_protect_port_counter
 .bss.current_heap_end.0
                0x1007a170        0x4 ./rzt/fsp/src/bsp/mcu/all/bsp_sbrk.o
 .bss.__malloc_current_mallinfo
                0x1007a174       0x28 c:/renesas/rzt/e2studio_v2024-10_fsp_v2.2.0/toolchains/gcc_arm/arm-gnu-toolchain-12.2.rel1-mingw-w64-i686-arm-none-eabi/bin/../lib/gcc/arm-none-eabi/12.2.1/thumb/v7+fp/hard\libg.a(libc_a-mallocr.o)
                0x1007a174                __malloc_current_mallinfo
 .bss.__malloc_max_total_mem
                0x1007a19c        0x4 c:/renesas/rzt/e2studio_v2024-10_fsp_v2.2.0/toolchains/gcc_arm/arm-gnu-toolchain-12.2.rel1-mingw-w64-i686-arm-none-eabi/bin/../lib/gcc/arm-none-eabi/12.2.1/thumb/v7+fp/hard\libg.a(libc_a-mallocr.o)
                0x1007a19c                __malloc_max_total_mem
 .bss.__malloc_max_sbrked_mem
                0x1007a1a0        0x4 c:/renesas/rzt/e2studio_v2024-10_fsp_v2.2.0/toolchains/gcc_arm/arm-gnu-toolchain-12.2.rel1-mingw-w64-i686-arm-none-eabi/bin/../lib/gcc/arm-none-eabi/12.2.1/thumb/v7+fp/hard\libg.a(libc_a-mallocr.o)
                0x1007a1a0                __malloc_max_sbrked_mem
 .bss.__malloc_top_pad
                0x1007a1a4        0x4 c:/renesas/rzt/e2studio_v2024-10_fsp_v2.2.0/toolchains/gcc_arm/arm-gnu-toolchain-12.2.rel1-mingw-w64-i686-arm-none-eabi/bin/../lib/gcc/arm-none-eabi/12.2.1/thumb/v7+fp/hard\libg.a(libc_a-mallocr.o)
                0x1007a1a4                __malloc_top_pad
 .bss.__lock___malloc_recursive_mutex
                0x1007a1a8        0x1 c:/renesas/rzt/e2studio_v2024-10_fsp_v2.2.0/toolchains/gcc_arm/arm-gnu-toolchain-12.2.rel1-mingw-w64-i686-arm-none-eabi/bin/../lib/gcc/arm-none-eabi/12.2.1/thumb/v7+fp/hard\libg.a(libc_a-lock.o)
                0x1007a1a8                __lock___malloc_recursive_mutex
 *fill*         0x1007a1a9        0x3 
 .bss.__lock___sfp_recursive_mutex
                0x1007a1ac        0x1 c:/renesas/rzt/e2studio_v2024-10_fsp_v2.2.0/toolchains/gcc_arm/arm-gnu-toolchain-12.2.rel1-mingw-w64-i686-arm-none-eabi/bin/../lib/gcc/arm-none-eabi/12.2.1/thumb/v7+fp/hard\libg.a(libc_a-lock.o)
                0x1007a1ac                __lock___sfp_recursive_mutex
 *fill*         0x1007a1ad        0x3 
 .bss.__sf      0x1007a1b0      0x138 c:/renesas/rzt/e2studio_v2024-10_fsp_v2.2.0/toolchains/gcc_arm/arm-gnu-toolchain-12.2.rel1-mingw-w64-i686-arm-none-eabi/bin/../lib/gcc/arm-none-eabi/12.2.1/thumb/v7+fp/hard\libg.a(libc_a-findfp.o)
                0x1007a1b0                __sf
 .bss.__stdio_exit_handler
                0x1007a2e8        0x4 c:/renesas/rzt/e2studio_v2024-10_fsp_v2.2.0/toolchains/gcc_arm/arm-gnu-toolchain-12.2.rel1-mingw-w64-i686-arm-none-eabi/bin/../lib/gcc/arm-none-eabi/12.2.1/thumb/v7+fp/hard\libg.a(libc_a-findfp.o)
                0x1007a2e8                __stdio_exit_handler
 .bss.errno     0x1007a2ec        0x4 c:/renesas/rzt/e2studio_v2024-10_fsp_v2.2.0/toolchains/gcc_arm/arm-gnu-toolchain-12.2.rel1-mingw-w64-i686-arm-none-eabi/bin/../lib/gcc/arm-none-eabi/12.2.1/thumb/v7+fp/hard\libg.a(libc_a-reent.o)
                0x1007a2ec                errno
 *(COMMON)
                0x1007a2f0                . = ALIGN (0x8)
                0x1007a2f0                __bss_end__ = .
                0x1007a2f0                _ebss = .
                0x1007a2f0                _end = .

.heap           0x1007a2f0     0x8000
                0x1007a2f0                . = ALIGN (0x8)
                0x1007a2f0                __HeapBase = .
 *(.heap)
 .heap          0x1007a2f0     0x8000 ./rzt/fsp/src/bsp/cmsis/Device/RENESAS/Source/cr/startup_core.o
                0x100822f0                __HeapLimit = .

.aarch64_stack  0x100822f0        0x0
                0x100822f0                . = ALIGN (0x8)
                0x100822f0                __AArch64StackBase = .
 *(.aarch64_stack*)
                0x100822f0                __AArch64StackLimit = .

.thread_stack   0x100822f0        0x0
                0x100822f0                . = ALIGN (0x8)
                0x100822f0                __ThreadStackBase = .
 *(.stack*)
                0x100822f0                __ThreadStackLimit = .

.sys_stack      0x10062ee8     0x1000
                0x10062ee8                . = ALIGN (0x8)
                0x10062ee8                __SysStackBase = .
 *(.sys_stack)
 .sys_stack     0x10062ee8     0x1000 ./rzt/fsp/src/bsp/cmsis/Device/RENESAS/Source/cr/startup_core.o
                0x10063ee8                __SysStackLimit = .

.svc_stack      0x10063ee8     0x1000
                0x10063ee8                . = ALIGN (0x8)
                0x10063ee8                __SvcStackBase = .
 *(.svc_stack)
 .svc_stack     0x10063ee8     0x1000 ./rzt/fsp/src/bsp/cmsis/Device/RENESAS/Source/cr/startup_core.o
                0x10064ee8                __SvcStackLimit = .

.irq_stack      0x10064ee8     0x1000
                0x10064ee8                . = ALIGN (0x8)
                0x10064ee8                __IrqStackBase = .
 *(.irq_stack)
 .irq_stack     0x10064ee8     0x1000 ./rzt/fsp/src/bsp/cmsis/Device/RENESAS/Source/cr/startup_core.o
                0x10065ee8                __IrqStackLimit = .

.fiq_stack      0x10065ee8     0x1000
                0x10065ee8                . = ALIGN (0x8)
                0x10065ee8                __FiqStackBase = .
 *(.fiq_stack)
 .fiq_stack     0x10065ee8     0x1000 ./rzt/fsp/src/bsp/cmsis/Device/RENESAS/Source/cr/startup_core.o
                0x10066ee8                __FiqStackLimit = .

.und_stack      0x10066ee8     0x1000
                0x10066ee8                . = ALIGN (0x8)
                0x10066ee8                __UndStackBase = .
 *(.und_stack)
 .und_stack     0x10066ee8     0x1000 ./rzt/fsp/src/bsp/cmsis/Device/RENESAS/Source/cr/startup_core.o
                0x10067ee8                __UndStackLimit = .

.abt_stack      0x10067ee8     0x1000
                0x10067ee8                . = ALIGN (0x8)
                0x10067ee8                __AbtStackBase = .
 *(.abt_stack)
 .abt_stack     0x10067ee8     0x1000 ./rzt/fsp/src/bsp/cmsis/Device/RENESAS/Source/cr/startup_core.o
                0x10068ee8                __AbtStackLimit = .

.data_noncache  0x100822f0       0x10
                0x10082300                . = ((0x0 == HAS_SYSTEM_RAM_MIRROR) && (DEFINED (CR52_0) || DEFINED (CR52_1)))?ALIGN (0x40):ALIGN (0x8)
 *fill*         0x100822f0       0x10 
                0x10082300                _data_noncache_start = .
 *(.data_noncache*)
                0x10082300                _data_noncache_end = .

.dmac_link_mode
                0x10082300        0x0
                0x10082300                . = ALIGN (0x8)
                0x10082300                _dmac_link_mode_start = .
 *(.dmac_link_mode*)
                0x10082300                _dmac_link_mode_end = .

.shared_noncache_buffer
                0x10200000        0x0 load address 0x10082300
                0x10200000                . = ALIGN (0x20)
                0x10200000                _sncbuffer_start = .
 *(.shared_noncache_buffer*)
                0x10200000                _sncbuffer_end = .

.noncache_buffer
                0x10082300        0x0
                0x10082300                . = ALIGN (0x20)
 *fill*         0x10082300        0x0 
                0x10082300                _ncbuffer_start = .
 *(.noncache_buffer*)
                0x10082300                _ncbuffer_end = .
                0x00000000                __ddsc_ATCM_START = ORIGIN (ATCM)
                0x00000000                __ddsc_ATCM_END = ((0x1 == _RZT_ORDINAL) && DEFINED (CR52_0))?__ThreadStackLimit:__ddsc_ATCM_START
                0x00100000                __ddsc_BTCM_START = ORIGIN (BTCM)
                0x00100000                __ddsc_BTCM_END = ((0x1 == _RZT_ORDINAL) && DEFINED (CR52_0))?__AbtStackLimit:__ddsc_BTCM_START
                0x10060000                __ddsc_SYSTEM_RAM_START = ORIGIN (SYSTEM_RAM)
                0x10082300                __ddsc_SYSTEM_RAM_END = (0x1 == _RZT_ORDINAL)?DEFINED (CR52_0)?__ddsc_SYSTEM_RAM_START:__ThreadStackLimit:((0x0 == HAS_SYSTEM_RAM_MIRROR) && (DEFINED (CR52_0) || DEFINED (CR52_1)))?_ncbuffer_end:__ThreadStackLimit
OUTPUT(RZT2H_EVB_CR52_0_sci_uart.elf elf32-littlearm)
LOAD linker stubs

.debug_info     0x00000000    0x34cbb
 .debug_info    0x00000000     0x2c66 ./src/hal_entry.o
 .debug_info    0x00002c66     0x2788 ./src/siochar.o
 .debug_info    0x000053ee      0x3ee ./src/siorw.o
 .debug_info    0x000057dc     0x16e4 ./rzt_gen/common_data.o
 .debug_info    0x00006ec0     0x2d5c ./rzt_gen/hal_data.o
 .debug_info    0x00009c1c       0xb0 ./rzt_gen/main.o
 .debug_info    0x00009ccc     0x3f8f ./rzt_gen/pin_data.o
 .debug_info    0x0000dc5b     0x1a14 ./rzt_gen/vector_data.o
 .debug_info    0x0000f66f     0x68d3 ./rzt/fsp/src/r_sci_uart/r_sci_uart.o
 .debug_info    0x00015f42     0x418b ./rzt/fsp/src/r_ioport/r_ioport.o
 .debug_info    0x0001a0cd       0xeb ./rzt/fsp/src/bsp/mcu/rzt2h/bsp_irq_sense.o
 .debug_info    0x0001a1b8     0x74be ./rzt/fsp/src/bsp/mcu/all/cr/bsp_irq_core.o
 .debug_info    0x00021676      0x797 ./rzt/fsp/src/bsp/mcu/all/bsp_address_expander.o
 .debug_info    0x00021e0d     0x100e ./rzt/fsp/src/bsp/mcu/all/bsp_cache.o
 .debug_info    0x00022e1b     0x2465 ./rzt/fsp/src/bsp/mcu/all/bsp_clocks.o
 .debug_info    0x00025280       0xb8 ./rzt/fsp/src/bsp/mcu/all/bsp_io.o
 .debug_info    0x00025338     0x7efc ./rzt/fsp/src/bsp/mcu/all/bsp_irq.o
 .debug_info    0x0002d234      0x2d8 ./rzt/fsp/src/bsp/mcu/all/bsp_register_protection.o
 .debug_info    0x0002d50c      0x152 ./rzt/fsp/src/bsp/mcu/all/bsp_sbrk.o
 .debug_info    0x0002d65e     0x4613 ./rzt/fsp/src/bsp/mcu/all/bsp_semaphore.o
 .debug_info    0x00031c71      0x22b ./rzt/fsp/src/bsp/mcu/all/bsp_tzc400.o
 .debug_info    0x00031e9c      0x239 ./rzt/fsp/src/bsp/cmsis/Device/RENESAS/Source/cr/startup_core.o
 .debug_info    0x000320d5      0x8cd ./rzt/fsp/src/bsp/cmsis/Device/RENESAS/Source/cr/system_core.o
 .debug_info    0x000329a2      0x224 ./rzt/fsp/src/bsp/cmsis/Device/RENESAS/Source/startup.o
 .debug_info    0x00032bc6     0x20f5 ./rzt/fsp/src/bsp/cmsis/Device/RENESAS/Source/system.o

.debug_abbrev   0x00000000     0x2fe1
 .debug_abbrev  0x00000000      0x329 ./src/hal_entry.o
 .debug_abbrev  0x00000329      0x273 ./src/siochar.o
 .debug_abbrev  0x0000059c      0x130 ./src/siorw.o
 .debug_abbrev  0x000006cc      0x140 ./rzt_gen/common_data.o
 .debug_abbrev  0x0000080c      0x287 ./rzt_gen/hal_data.o
 .debug_abbrev  0x00000a93       0x64 ./rzt_gen/main.o
 .debug_abbrev  0x00000af7      0x11c ./rzt_gen/pin_data.o
 .debug_abbrev  0x00000c13       0xba ./rzt_gen/vector_data.o
 .debug_abbrev  0x00000ccd      0x626 ./rzt/fsp/src/r_sci_uart/r_sci_uart.o
 .debug_abbrev  0x000012f3      0x424 ./rzt/fsp/src/r_ioport/r_ioport.o
 .debug_abbrev  0x00001717       0x61 ./rzt/fsp/src/bsp/mcu/rzt2h/bsp_irq_sense.o
 .debug_abbrev  0x00001778      0x311 ./rzt/fsp/src/bsp/mcu/all/cr/bsp_irq_core.o
 .debug_abbrev  0x00001a89      0x114 ./rzt/fsp/src/bsp/mcu/all/bsp_address_expander.o
 .debug_abbrev  0x00001b9d      0x1df ./rzt/fsp/src/bsp/mcu/all/bsp_cache.o
 .debug_abbrev  0x00001d7c      0x1dd ./rzt/fsp/src/bsp/mcu/all/bsp_clocks.o
 .debug_abbrev  0x00001f59       0x5e ./rzt/fsp/src/bsp/mcu/all/bsp_io.o
 .debug_abbrev  0x00001fb7      0x445 ./rzt/fsp/src/bsp/mcu/all/bsp_irq.o
 .debug_abbrev  0x000023fc      0x13e ./rzt/fsp/src/bsp/mcu/all/bsp_register_protection.o
 .debug_abbrev  0x0000253a       0xcc ./rzt/fsp/src/bsp/mcu/all/bsp_sbrk.o
 .debug_abbrev  0x00002606      0x1a1 ./rzt/fsp/src/bsp/mcu/all/bsp_semaphore.o
 .debug_abbrev  0x000027a7       0xc5 ./rzt/fsp/src/bsp/mcu/all/bsp_tzc400.o
 .debug_abbrev  0x0000286c       0xe7 ./rzt/fsp/src/bsp/cmsis/Device/RENESAS/Source/cr/startup_core.o
 .debug_abbrev  0x00002953      0x247 ./rzt/fsp/src/bsp/cmsis/Device/RENESAS/Source/cr/system_core.o
 .debug_abbrev  0x00002b9a       0xfb ./rzt/fsp/src/bsp/cmsis/Device/RENESAS/Source/startup.o
 .debug_abbrev  0x00002c95      0x34c ./rzt/fsp/src/bsp/cmsis/Device/RENESAS/Source/system.o

.debug_loc      0x00000000     0x56cf
 .debug_loc     0x00000000       0xa5 ./src/hal_entry.o
 .debug_loc     0x000000a5       0x38 ./src/siochar.o
 .debug_loc     0x000000dd      0x1e9 ./src/siorw.o
 .debug_loc     0x000002c6     0x1c4e ./rzt/fsp/src/r_sci_uart/r_sci_uart.o
 .debug_loc     0x00001f14     0x168a ./rzt/fsp/src/r_ioport/r_ioport.o
 .debug_loc     0x0000359e      0x44c ./rzt/fsp/src/bsp/mcu/all/cr/bsp_irq_core.o
 .debug_loc     0x000039ea      0xd47 ./rzt/fsp/src/bsp/mcu/all/bsp_cache.o
 .debug_loc     0x00004731      0x133 ./rzt/fsp/src/bsp/mcu/all/bsp_clocks.o
 .debug_loc     0x00004864      0x664 ./rzt/fsp/src/bsp/mcu/all/bsp_irq.o
 .debug_loc     0x00004ec8       0xf5 ./rzt/fsp/src/bsp/mcu/all/bsp_sbrk.o
 .debug_loc     0x00004fbd       0x23 ./rzt/fsp/src/bsp/mcu/all/bsp_semaphore.o
 .debug_loc     0x00004fe0       0x8b ./rzt/fsp/src/bsp/mcu/all/bsp_tzc400.o
 .debug_loc     0x0000506b      0x268 ./rzt/fsp/src/bsp/cmsis/Device/RENESAS/Source/cr/system_core.o
 .debug_loc     0x000052d3      0x3fc ./rzt/fsp/src/bsp/cmsis/Device/RENESAS/Source/system.o

.debug_aranges  0x00000000      0x640
 .debug_aranges
                0x00000000       0x38 ./src/hal_entry.o
 .debug_aranges
                0x00000038       0x28 ./src/siochar.o
 .debug_aranges
                0x00000060       0x38 ./src/siorw.o
 .debug_aranges
                0x00000098       0x20 ./rzt_gen/common_data.o
 .debug_aranges
                0x000000b8       0x20 ./rzt_gen/hal_data.o
 .debug_aranges
                0x000000d8       0x20 ./rzt_gen/main.o
 .debug_aranges
                0x000000f8       0x18 ./rzt_gen/pin_data.o
 .debug_aranges
                0x00000110       0x18 ./rzt_gen/vector_data.o
 .debug_aranges
                0x00000128       0xf8 ./rzt/fsp/src/r_sci_uart/r_sci_uart.o
 .debug_aranges
                0x00000220       0xc8 ./rzt/fsp/src/r_ioport/r_ioport.o
 .debug_aranges
                0x000002e8       0x18 ./rzt/fsp/src/bsp/mcu/rzt2h/bsp_irq_sense.o
 .debug_aranges
                0x00000300       0x38 ./rzt/fsp/src/bsp/mcu/all/cr/bsp_irq_core.o
 .debug_aranges
                0x00000338       0x20 ./rzt/fsp/src/bsp/mcu/all/bsp_address_expander.o
 .debug_aranges
                0x00000358       0x80 ./rzt/fsp/src/bsp/mcu/all/bsp_cache.o
 .debug_aranges
                0x000003d8       0x38 ./rzt/fsp/src/bsp/mcu/all/bsp_clocks.o
 .debug_aranges
                0x00000410       0x18 ./rzt/fsp/src/bsp/mcu/all/bsp_io.o
 .debug_aranges